Archive member included to satisfy reference by file (symbol)

c:/st/stm32cubeide_1.6.1/stm32cubeide/plugins/com.st.stm32cube.ide.mcu.externaltools.gnu-tools-for-stm32.9-2020-q2-update.win32_1.5.0.202011040924/tools/bin/../lib/gcc/arm-none-eabi/9.3.1/../../../../arm-none-eabi/lib/thumb/v7-m/nofp\libc_nano.a(lib_a-atoi.o)
                              ioLibrary_Driver/Internet/FTPClient/ftpc.o (atoi)
c:/st/stm32cubeide_1.6.1/stm32cubeide/plugins/com.st.stm32cube.ide.mcu.externaltools.gnu-tools-for-stm32.9-2020-q2-update.win32_1.5.0.202011040924/tools/bin/../lib/gcc/arm-none-eabi/9.3.1/../../../../arm-none-eabi/lib/thumb/v7-m/nofp\libc_nano.a(lib_a-ctype_.o)
                              ioLibrary_Driver/Internet/FTPServer/ftpd.o (_ctype_)
c:/st/stm32cubeide_1.6.1/stm32cubeide/plugins/com.st.stm32cube.ide.mcu.externaltools.gnu-tools-for-stm32.9-2020-q2-update.win32_1.5.0.202011040924/tools/bin/../lib/gcc/arm-none-eabi/9.3.1/../../../../arm-none-eabi/lib/thumb/v7-m/nofp\libc_nano.a(lib_a-errno.o)
                              Core/Src/syscalls.o (__errno)
c:/st/stm32cubeide_1.6.1/stm32cubeide/plugins/com.st.stm32cube.ide.mcu.externaltools.gnu-tools-for-stm32.9-2020-q2-update.win32_1.5.0.202011040924/tools/bin/../lib/gcc/arm-none-eabi/9.3.1/../../../../arm-none-eabi/lib/thumb/v7-m/nofp\libc_nano.a(lib_a-exit.o)
                              c:/st/stm32cubeide_1.6.1/stm32cubeide/plugins/com.st.stm32cube.ide.mcu.externaltools.gnu-tools-for-stm32.9-2020-q2-update.win32_1.5.0.202011040924/tools/bin/../lib/gcc/arm-none-eabi/9.3.1/../../../../arm-none-eabi/lib/thumb/v7-m/nofp/crt0.o (exit)
c:/st/stm32cubeide_1.6.1/stm32cubeide/plugins/com.st.stm32cube.ide.mcu.externaltools.gnu-tools-for-stm32.9-2020-q2-update.win32_1.5.0.202011040924/tools/bin/../lib/gcc/arm-none-eabi/9.3.1/../../../../arm-none-eabi/lib/thumb/v7-m/nofp\libc_nano.a(lib_a-impure.o)
                              c:/st/stm32cubeide_1.6.1/stm32cubeide/plugins/com.st.stm32cube.ide.mcu.externaltools.gnu-tools-for-stm32.9-2020-q2-update.win32_1.5.0.202011040924/tools/bin/../lib/gcc/arm-none-eabi/9.3.1/../../../../arm-none-eabi/lib/thumb/v7-m/nofp\libc_nano.a(lib_a-exit.o) (_global_impure_ptr)
c:/st/stm32cubeide_1.6.1/stm32cubeide/plugins/com.st.stm32cube.ide.mcu.externaltools.gnu-tools-for-stm32.9-2020-q2-update.win32_1.5.0.202011040924/tools/bin/../lib/gcc/arm-none-eabi/9.3.1/../../../../arm-none-eabi/lib/thumb/v7-m/nofp\libc_nano.a(lib_a-init.o)
                              c:/st/stm32cubeide_1.6.1/stm32cubeide/plugins/com.st.stm32cube.ide.mcu.externaltools.gnu-tools-for-stm32.9-2020-q2-update.win32_1.5.0.202011040924/tools/bin/../lib/gcc/arm-none-eabi/9.3.1/../../../../arm-none-eabi/lib/thumb/v7-m/nofp/crt0.o (__libc_init_array)
c:/st/stm32cubeide_1.6.1/stm32cubeide/plugins/com.st.stm32cube.ide.mcu.externaltools.gnu-tools-for-stm32.9-2020-q2-update.win32_1.5.0.202011040924/tools/bin/../lib/gcc/arm-none-eabi/9.3.1/../../../../arm-none-eabi/lib/thumb/v7-m/nofp\libc_nano.a(lib_a-malloc.o)
                              ioLibrary_Driver/Internet/httpServer/httpServer.o (malloc)
c:/st/stm32cubeide_1.6.1/stm32cubeide/plugins/com.st.stm32cube.ide.mcu.externaltools.gnu-tools-for-stm32.9-2020-q2-update.win32_1.5.0.202011040924/tools/bin/../lib/gcc/arm-none-eabi/9.3.1/../../../../arm-none-eabi/lib/thumb/v7-m/nofp\libc_nano.a(lib_a-memcmp.o)
                              ioLibrary_Driver/Internet/MQTT/MQTTPacket/src/MQTTConnectServer.o (memcmp)
c:/st/stm32cubeide_1.6.1/stm32cubeide/plugins/com.st.stm32cube.ide.mcu.externaltools.gnu-tools-for-stm32.9-2020-q2-update.win32_1.5.0.202011040924/tools/bin/../lib/gcc/arm-none-eabi/9.3.1/../../../../arm-none-eabi/lib/thumb/v7-m/nofp\libc_nano.a(lib_a-memcpy-stub.o)
                              ioLibrary_Driver/Internet/MQTT/MQTTClient.o (memcpy)
c:/st/stm32cubeide_1.6.1/stm32cubeide/plugins/com.st.stm32cube.ide.mcu.externaltools.gnu-tools-for-stm32.9-2020-q2-update.win32_1.5.0.202011040924/tools/bin/../lib/gcc/arm-none-eabi/9.3.1/../../../../arm-none-eabi/lib/thumb/v7-m/nofp\libc_nano.a(lib_a-memset.o)
                              c:/st/stm32cubeide_1.6.1/stm32cubeide/plugins/com.st.stm32cube.ide.mcu.externaltools.gnu-tools-for-stm32.9-2020-q2-update.win32_1.5.0.202011040924/tools/bin/../lib/gcc/arm-none-eabi/9.3.1/../../../../arm-none-eabi/lib/thumb/v7-m/nofp/crt0.o (memset)
c:/st/stm32cubeide_1.6.1/stm32cubeide/plugins/com.st.stm32cube.ide.mcu.externaltools.gnu-tools-for-stm32.9-2020-q2-update.win32_1.5.0.202011040924/tools/bin/../lib/gcc/arm-none-eabi/9.3.1/../../../../arm-none-eabi/lib/thumb/v7-m/nofp\libc_nano.a(lib_a-nano-freer.o)
                              c:/st/stm32cubeide_1.6.1/stm32cubeide/plugins/com.st.stm32cube.ide.mcu.externaltools.gnu-tools-for-stm32.9-2020-q2-update.win32_1.5.0.202011040924/tools/bin/../lib/gcc/arm-none-eabi/9.3.1/../../../../arm-none-eabi/lib/thumb/v7-m/nofp\libc_nano.a(lib_a-malloc.o) (_free_r)
[...]
Memory Configuration

Name             Origin             Length             Attributes
RAM              0x0000000020000000 0x0000000000005000 xrw
FLASH            0x0000000008000000 0x0000000000020000 xr
*default*        0x0000000000000000 0xffffffffffffffff

Linker script and memory map

LOAD c:/st/stm32cubeide_1.6.1/stm32cubeide/plugins/com.st.stm32cube.ide.mcu.externaltools.gnu-tools-for-stm32.9-2020-q2-update.win32_1.5.0.202011040924/tools/bin/../lib/gcc/arm-none-eabi/9.3.1/thumb/v7-m/nofp/crti.o
LOAD c:/st/stm32cubeide_1.6.1/stm32cubeide/plugins/com.st.stm32cube.ide.mcu.externaltools.gnu-tools-for-stm32.9-2020-q2-update.win32_1.5.0.202011040924/tools/bin/../lib/gcc/arm-none-eabi/9.3.1/thumb/v7-m/nofp/crtbegin.o
LOAD c:/st/stm32cubeide_1.6.1/stm32cubeide/plugins/com.st.stm32cube.ide.mcu.externaltools.gnu-tools-for-stm32.9-2020-q2-update.win32_1.5.0.202011040924/tools/bin/../lib/gcc/arm-none-eabi/9.3.1/../../../../arm-none-eabi/lib/thumb/v7-m/nofp/crt0.o
LOAD Core/Src/main.o
LOAD Core/Src/stm32f1xx_hal_msp.o
LOAD Core/Src/stm32f1xx_it.o
LOAD Core/Src/syscalls.o
LOAD Core/Src/sysmem.o
LOAD Core/Src/system_stm32f1xx.o
LOAD Core/Src/wizchip_init.o
LOAD Core/Startup/startup_stm32f103rbtx.o
LOAD Drivers/STM32F1xx_HAL_Driver/Src/stm32f1xx_hal.o
LOAD Drivers/STM32F1xx_HAL_Driver/Src/stm32f1xx_hal_cortex.o
LOAD Drivers/STM32F1xx_HAL_Driver/Src/stm32f1xx_hal_dma.o
LOAD Drivers/STM32F1xx_HAL_Driver/Src/stm32f1xx_hal_exti.o
LOAD Drivers/STM32F1xx_HAL_Driver/Src/stm32f1xx_hal_flash.o
LOAD Drivers/STM32F1xx_HAL_Driver/Src/stm32f1xx_hal_flash_ex.o
LOAD Drivers/STM32F1xx_HAL_Driver/Src/stm32f1xx_hal_gpio.o
LOAD Drivers/STM32F1xx_HAL_Driver/Src/stm32f1xx_hal_gpio_ex.o
LOAD Drivers/STM32F1xx_HAL_Driver/Src/stm32f1xx_hal_pwr.o
LOAD Drivers/STM32F1xx_HAL_Driver/Src/stm32f1xx_hal_rcc.o
LOAD Drivers/STM32F1xx_HAL_Driver/Src/stm32f1xx_hal_rcc_ex.o
LOAD Drivers/STM32F1xx_HAL_Driver/Src/stm32f1xx_hal_spi.o
LOAD Drivers/STM32F1xx_HAL_Driver/Src/stm32f1xx_hal_tim.o
LOAD Drivers/STM32F1xx_HAL_Driver/Src/stm32f1xx_hal_tim_ex.o
LOAD Drivers/STM32F1xx_HAL_Driver/Src/stm32f1xx_hal_uart.o
LOAD ioLibrary_Driver/Application/loopback/loopback.o
LOAD ioLibrary_Driver/Application/multicast/multicast.o
LOAD ioLibrary_Driver/Ethernet/W5100/w5100.o
LOAD ioLibrary_Driver/Ethernet/W5100S/w5100s.o
LOAD ioLibrary_Driver/Ethernet/W5200/w5200.o
LOAD ioLibrary_Driver/Ethernet/W5300/w5300.o
LOAD ioLibrary_Driver/Ethernet/W5500/w5500.o
LOAD ioLibrary_Driver/Ethernet/socket.o
LOAD ioLibrary_Driver/Ethernet/wizchip_conf.o
LOAD ioLibrary_Driver/Internet/DHCP/dhcp.o
LOAD ioLibrary_Driver/Internet/DNS/dns.o
LOAD ioLibrary_Driver/Internet/FTPClient/ftpc.o
LOAD ioLibrary_Driver/Internet/FTPServer/ftpd.o
LOAD ioLibrary_Driver/Internet/MQTT/MQTTClient.o
LOAD ioLibrary_Driver/Internet/MQTT/mqtt_interface.o
LOAD ioLibrary_Driver/Internet/MQTT/MQTTPacket/src/MQTTConnectClient.o
LOAD ioLibrary_Driver/Internet/MQTT/MQTTPacket/src/MQTTConnectServer.o
LOAD ioLibrary_Driver/Internet/MQTT/MQTTPacket/src/MQTTDeserializePublish.o
LOAD ioLibrary_Driver/Internet/MQTT/MQTTPacket/src/MQTTFormat.o
LOAD ioLibrary_Driver/Internet/MQTT/MQTTPacket/src/MQTTPacket.o
LOAD ioLibrary_Driver/Internet/MQTT/MQTTPacket/src/MQTTSerializePublish.o
LOAD ioLibrary_Driver/Internet/MQTT/MQTTPacket/src/MQTTSubscribeClient.o
LOAD ioLibrary_Driver/Internet/MQTT/MQTTPacket/src/MQTTSubscribeServer.o
LOAD ioLibrary_Driver/Internet/MQTT/MQTTPacket/src/MQTTUnsubscribeClient.o
LOAD ioLibrary_Driver/Internet/MQTT/MQTTPacket/src/MQTTUnsubscribeServer.o
LOAD ioLibrary_Driver/Internet/SNMP/snmp.o
LOAD ioLibrary_Driver/Internet/SNMP/snmp_custom.o
LOAD ioLibrary_Driver/Internet/SNTP/sntp.o
LOAD ioLibrary_Driver/Internet/TFTP/netutil.o
LOAD ioLibrary_Driver/Internet/TFTP/tftp.o
LOAD ioLibrary_Driver/Internet/httpServer/httpParser.o
LOAD ioLibrary_Driver/Internet/httpServer/httpServer.o
LOAD ioLibrary_Driver/Internet/httpServer/httpUtil.o
START GROUP
LOAD c:/st/stm32cubeide_1.6.1/stm32cubeide/plugins/com.st.stm32cube.ide.mcu.externaltools.gnu-tools-for-stm32.9-2020-q2-update.win32_1.5.0.202011040924/tools/bin/../lib/gcc/arm-none-eabi/9.3.1/../../../../arm-none-eabi/lib/thumb/v7-m/nofp\libc_nano.a
LOAD c:/st/stm32cubeide_1.6.1/stm32cubeide/plugins/com.st.stm32cube.ide.mcu.externaltools.gnu-tools-for-stm32.9-2020-q2-update.win32_1.5.0.202011040924/tools/bin/../lib/gcc/arm-none-eabi/9.3.1/../../../../arm-none-eabi/lib/thumb/v7-m/nofp\libm.a
END GROUP
START GROUP
LOAD c:/st/stm32cubeide_1.6.1/stm32cubeide/plugins/com.st.stm32cube.ide.mcu.externaltools.gnu-tools-for-stm32.9-2020-q2-update.win32_1.5.0.202011040924/tools/bin/../lib/gcc/arm-none-eabi/9.3.1/thumb/v7-m/nofp\libgcc.a
LOAD c:/st/stm32cubeide_1.6.1/stm32cubeide/plugins/com.st.stm32cube.ide.mcu.externaltools.gnu-tools-for-stm32.9-2020-q2-update.win32_1.5.0.202011040924/tools/bin/../lib/gcc/arm-none-eabi/9.3.1/../../../../arm-none-eabi/lib/thumb/v7-m/nofp\libc_nano.a
END GROUP
START GROUP
LOAD c:/st/stm32cubeide_1.6.1/stm32cubeide/plugins/com.st.stm32cube.ide.mcu.externaltools.gnu-tools-for-stm32.9-2020-q2-update.win32_1.5.0.202011040924/tools/bin/../lib/gcc/arm-none-eabi/9.3.1/thumb/v7-m/nofp\libgcc.a
LOAD c:/st/stm32cubeide_1.6.1/stm32cubeide/plugins/com.st.stm32cube.ide.mcu.externaltools.gnu-tools-for-stm32.9-2020-q2-update.win32_1.5.0.202011040924/tools/bin/../lib/gcc/arm-none-eabi/9.3.1/../../../../arm-none-eabi/lib/thumb/v7-m/nofp\libc_nano.a
LOAD c:/st/stm32cubeide_1.6.1/stm32cubeide/plugins/com.st.stm32cube.ide.mcu.externaltools.gnu-tools-for-stm32.9-2020-q2-update.win32_1.5.0.202011040924/tools/bin/../lib/gcc/arm-none-eabi/9.3.1/../../../../arm-none-eabi/lib/thumb/v7-m/nofp\libnosys.a
END GROUP
START GROUP
LOAD c:/st/stm32cubeide_1.6.1/stm32cubeide/plugins/com.st.stm32cube.ide.mcu.externaltools.gnu-tools-for-stm32.9-2020-q2-update.win32_1.5.0.202011040924/tools/bin/../lib/gcc/arm-none-eabi/9.3.1/thumb/v7-m/nofp\libgcc.a
LOAD c:/st/stm32cubeide_1.6.1/stm32cubeide/plugins/com.st.stm32cube.ide.mcu.externaltools.gnu-tools-for-stm32.9-2020-q2-update.win32_1.5.0.202011040924/tools/bin/../lib/gcc/arm-none-eabi/9.3.1/../../../../arm-none-eabi/lib/thumb/v7-m/nofp\libc_nano.a
LOAD c:/st/stm32cubeide_1.6.1/stm32cubeide/plugins/com.st.stm32cube.ide.mcu.externaltools.gnu-tools-for-stm32.9-2020-q2-update.win32_1.5.0.202011040924/tools/bin/../lib/gcc/arm-none-eabi/9.3.1/../../../../arm-none-eabi/lib/thumb/v7-m/nofp\libnosys.a
END GROUP
LOAD c:/st/stm32cubeide_1.6.1/stm32cubeide/plugins/com.st.stm32cube.ide.mcu.externaltools.gnu-tools-for-stm32.9-2020-q2-update.win32_1.5.0.202011040924/tools/bin/../lib/gcc/arm-none-eabi/9.3.1/thumb/v7-m/nofp/crtend.o
LOAD c:/st/stm32cubeide_1.6.1/stm32cubeide/plugins/com.st.stm32cube.ide.mcu.externaltools.gnu-tools-for-stm32.9-2020-q2-update.win32_1.5.0.202011040924/tools/bin/../lib/gcc/arm-none-eabi/9.3.1/thumb/v7-m/nofp/crtn.o
                0x0000000020005000                _estack = (ORIGIN (RAM) + LENGTH (RAM))
                0x0000000000000200                _Min_Heap_Size = 0x200
                0x0000000000000400                _Min_Stack_Size = 0x400

.isr_vector     0x0000000008000000      0x10c
                0x0000000008000000                . = ALIGN (0x4)
 *(.isr_vector)
 .isr_vector    0x0000000008000000      0x10c Core/Startup/startup_stm32f103rbtx.o
                0x0000000008000000                g_pfnVectors
                0x000000000800010c                . = ALIGN (0x4)

.text           0x000000000800010c     0x525c
                0x000000000800010c                . = ALIGN (0x4)
 *(.text)
 .text          0x000000000800010c       0x40 c:/st/stm32cubeide_1.6.1/stm32cubeide/plugins/com.st.stm32cube.ide.mcu.externaltools.gnu-tools-for-stm32.9-2020-q2-update.win32_1.5.0.202011040924/tools/bin/../lib/gcc/arm-none-eabi/9.3.1/thumb/v7-m/nofp/crtbegin.o
 *(.text*)
 .text.csEnable
                0x000000000800014c       0x18 Core/Src/main.o
                0x000000000800014c                csEnable
 .text.csDisable
                0x0000000008000164       0x18 Core/Src/main.o
                0x0000000008000164                csDisable
 .text.spiWriteByte
                0x000000000800017c       0x28 Core/Src/main.o
                0x000000000800017c                spiWriteByte
 .text.spiReadByte
                0x00000000080001a4       0x2c Core/Src/main.o
                0x00000000080001a4                spiReadByte
 .text.W5100s_Initialze
                0x00000000080001d0       0xb4 Core/Src/main.o
                0x00000000080001d0                W5100s_Initialze
 .text.main     0x0000000008000284       0x68 Core/Src/main.o
                0x0000000008000284                main
 .text.SystemClock_Config
                0x00000000080002ec       0x82 Core/Src/main.o
                0x00000000080002ec                SystemClock_Config
 *fill*         0x000000000800036e        0x2 
 .text.MX_SPI2_Init
                0x0000000008000370       0x6c Core/Src/main.o
 .text.MX_USART2_UART_Init
                0x00000000080003dc       0x54 Core/Src/main.o
 .text.MX_GPIO_Init
                0x0000000008000430       0xdc Core/Src/main.o
 .text.print_network_information
                0x000000000800050c       0xe0 Core/Src/main.o
                0x000000000800050c                print_network_information
 .text._write   0x00000000080005ec       0x40 Core/Src/main.o
                0x00000000080005ec                _write
 .text.Error_Handler
                0x000000000800062c        0xa Core/Src/main.o
                0x000000000800062c                Error_Handler
 *fill*         0x0000000008000636        0x2 
 .text.HAL_MspInit
                0x0000000008000638       0x64 Core/Src/stm32f1xx_hal_msp.o
                0x0000000008000638                HAL_MspInit
 .text.HAL_SPI_MspInit
                0x000000000800069c       0x98 Core/Src/stm32f1xx_hal_msp.o
                0x000000000800069c                HAL_SPI_MspInit
 .text.HAL_UART_MspInit
                0x0000000008000734       0x8c Core/Src/stm32f1xx_hal_msp.o
                0x0000000008000734                HAL_UART_MspInit
 .text.NMI_Handler
                0x00000000080007c0        0x6 Core/Src/stm32f1xx_it.o
                0x00000000080007c0                NMI_Handler
 .text.HardFault_Handler
                0x00000000080007c6        0x6 Core/Src/stm32f1xx_it.o
                0x00000000080007c6                HardFault_Handler
 .text.MemManage_Handler
                0x00000000080007cc        0x6 Core/Src/stm32f1xx_it.o
                0x00000000080007cc                MemManage_Handler
 .text.BusFault_Handler
                0x00000000080007d2        0x6 Core/Src/stm32f1xx_it.o
                0x00000000080007d2                BusFault_Handler
 .text.UsageFault_Handler
                0x00000000080007d8        0x6 Core/Src/stm32f1xx_it.o
                0x00000000080007d8                UsageFault_Handler
 .text.SVC_Handler
                0x00000000080007de        0xc Core/Src/stm32f1xx_it.o
                0x00000000080007de                SVC_Handler
 .text.DebugMon_Handler
                0x00000000080007ea        0xc Core/Src/stm32f1xx_it.o
                0x00000000080007ea                DebugMon_Handler
 .text.PendSV_Handler
                0x00000000080007f6        0xc Core/Src/stm32f1xx_it.o
                0x00000000080007f6                PendSV_Handler
 .text.SysTick_Handler
                0x0000000008000802        0xc Core/Src/stm32f1xx_it.o
                0x0000000008000802                SysTick_Handler
 *fill*         0x000000000800080e        0x2 
 .text.USART2_IRQHandler
                0x0000000008000810       0x14 Core/Src/stm32f1xx_it.o
                0x0000000008000810                USART2_IRQHandler
 .text.EXTI15_10_IRQHandler
                0x0000000008000824       0x10 Core/Src/stm32f1xx_it.o
                0x0000000008000824                EXTI15_10_IRQHandler
 .text._read    0x0000000008000834       0x3a Core/Src/syscalls.o
                0x0000000008000834                _read
 .text._close   0x000000000800086e       0x16 Core/Src/syscalls.o
                0x000000000800086e                _close
 .text._fstat   0x0000000008000884       0x1e Core/Src/syscalls.o
                0x0000000008000884                _fstat
 .text._isatty  0x00000000080008a2       0x14 Core/Src/syscalls.o
                0x00000000080008a2                _isatty
 .text._lseek   0x00000000080008b6       0x18 Core/Src/syscalls.o
                0x00000000080008b6                _lseek
 *fill*         0x00000000080008ce        0x2 
 .text._sbrk    0x00000000080008d0       0x6c Core/Src/sysmem.o
                0x00000000080008d0                _sbrk
 .text.SystemInit
                0x000000000800093c        0xc Core/Src/system_stm32f1xx.o
                0x000000000800093c                SystemInit
 .text.resetAssert
                0x0000000008000948       0x18 Core/Src/wizchip_init.o
                0x0000000008000948                resetAssert
 .text.resetDeassert
                0x0000000008000960       0x18 Core/Src/wizchip_init.o
                0x0000000008000960                resetDeassert
 .text.Reset_Handler
                0x0000000008000978       0x48 Core/Startup/startup_stm32f103rbtx.o
                0x0000000008000978                Reset_Handler
 .text.Default_Handler
                0x00000000080009c0        0x2 Core/Startup/startup_stm32f103rbtx.o
                0x00000000080009c0                RTC_Alarm_IRQHandler
                0x00000000080009c0                EXTI2_IRQHandler
                0x00000000080009c0                TIM1_CC_IRQHandler
                0x00000000080009c0                PVD_IRQHandler
                0x00000000080009c0                EXTI3_IRQHandler
                0x00000000080009c0                EXTI0_IRQHandler
                0x00000000080009c0                I2C2_EV_IRQHandler
                0x00000000080009c0                ADC1_2_IRQHandler
                0x00000000080009c0                SPI1_IRQHandler
                0x00000000080009c0                TAMPER_IRQHandler
                0x00000000080009c0                DMA1_Channel4_IRQHandler
                0x00000000080009c0                USART3_IRQHandler
                0x00000000080009c0                RTC_IRQHandler
                0x00000000080009c0                DMA1_Channel7_IRQHandler
                0x00000000080009c0                CAN1_RX1_IRQHandler
                0x00000000080009c0                TIM4_IRQHandler
                0x00000000080009c0                I2C1_EV_IRQHandler
                0x00000000080009c0                DMA1_Channel6_IRQHandler
                0x00000000080009c0                TIM3_IRQHandler
                0x00000000080009c0                RCC_IRQHandler
                0x00000000080009c0                TIM1_TRG_COM_IRQHandler
                0x00000000080009c0                DMA1_Channel1_IRQHandler
                0x00000000080009c0                Default_Handler
                0x00000000080009c0                EXTI9_5_IRQHandler
                0x00000000080009c0                SPI2_IRQHandler
                0x00000000080009c0                DMA1_Channel5_IRQHandler
                0x00000000080009c0                EXTI4_IRQHandler
                0x00000000080009c0                USB_LP_CAN1_RX0_IRQHandler
                0x00000000080009c0                USB_HP_CAN1_TX_IRQHandler
                0x00000000080009c0                DMA1_Channel3_IRQHandler
                0x00000000080009c0                TIM1_UP_IRQHandler
                0x00000000080009c0                WWDG_IRQHandler
                0x00000000080009c0                TIM2_IRQHandler
                0x00000000080009c0                TIM1_BRK_IRQHandler
                0x00000000080009c0                EXTI1_IRQHandler
                0x00000000080009c0                I2C2_ER_IRQHandler
                0x00000000080009c0                DMA1_Channel2_IRQHandler
                0x00000000080009c0                CAN1_SCE_IRQHandler
                0x00000000080009c0                FLASH_IRQHandler
                0x00000000080009c0                USART1_IRQHandler
                0x00000000080009c0                I2C1_ER_IRQHandler
                0x00000000080009c0                USBWakeUp_IRQHandler
 *fill*         0x00000000080009c2        0x2 
 .text.HAL_Init
                0x00000000080009c4       0x2c Drivers/STM32F1xx_HAL_Driver/Src/stm32f1xx_hal.o
                0x00000000080009c4                HAL_Init
 .text.HAL_InitTick
                0x00000000080009f0       0x60 Drivers/STM32F1xx_HAL_Driver/Src/stm32f1xx_hal.o
                0x00000000080009f0                HAL_InitTick
 .text.HAL_IncTick
                0x0000000008000a50       0x24 Drivers/STM32F1xx_HAL_Driver/Src/stm32f1xx_hal.o
                0x0000000008000a50                HAL_IncTick
 .text.HAL_GetTick
                0x0000000008000a74       0x14 Drivers/STM32F1xx_HAL_Driver/Src/stm32f1xx_hal.o
                0x0000000008000a74                HAL_GetTick
 .text.HAL_Delay
                0x0000000008000a88       0x48 Drivers/STM32F1xx_HAL_Driver/Src/stm32f1xx_hal.o
                0x0000000008000a88                HAL_Delay
 .text.__NVIC_SetPriorityGrouping
                0x0000000008000ad0       0x48 Drivers/STM32F1xx_HAL_Driver/Src/stm32f1xx_hal_cortex.o
 .text.__NVIC_GetPriorityGrouping
                0x0000000008000b18       0x1c Drivers/STM32F1xx_HAL_Driver/Src/stm32f1xx_hal_cortex.o
 .text.__NVIC_EnableIRQ
                0x0000000008000b34       0x38 Drivers/STM32F1xx_HAL_Driver/Src/stm32f1xx_hal_cortex.o
 .text.__NVIC_SetPriority
                0x0000000008000b6c       0x54 Drivers/STM32F1xx_HAL_Driver/Src/stm32f1xx_hal_cortex.o
 .text.NVIC_EncodePriority
                0x0000000008000bc0       0x64 Drivers/STM32F1xx_HAL_Driver/Src/stm32f1xx_hal_cortex.o
 .text.SysTick_Config
                0x0000000008000c24       0x44 Drivers/STM32F1xx_HAL_Driver/Src/stm32f1xx_hal_cortex.o
 .text.HAL_NVIC_SetPriorityGrouping
                0x0000000008000c68       0x16 Drivers/STM32F1xx_HAL_Driver/Src/stm32f1xx_hal_cortex.o
                0x0000000008000c68                HAL_NVIC_SetPriorityGrouping
 .text.HAL_NVIC_SetPriority
                0x0000000008000c7e       0x38 Drivers/STM32F1xx_HAL_Driver/Src/stm32f1xx_hal_cortex.o
                0x0000000008000c7e                HAL_NVIC_SetPriority
 .text.HAL_NVIC_EnableIRQ
                0x0000000008000cb6       0x1c Drivers/STM32F1xx_HAL_Driver/Src/stm32f1xx_hal_cortex.o
                0x0000000008000cb6                HAL_NVIC_EnableIRQ
 .text.HAL_SYSTICK_Config
                0x0000000008000cd2       0x18 Drivers/STM32F1xx_HAL_Driver/Src/stm32f1xx_hal_cortex.o
                0x0000000008000cd2                HAL_SYSTICK_Config
 .text.HAL_DMA_Abort
                0x0000000008000cea       0x74 Drivers/STM32F1xx_HAL_Driver/Src/stm32f1xx_hal_dma.o
                0x0000000008000cea                HAL_DMA_Abort
 *fill*         0x0000000008000d5e        0x2 
 .text.HAL_DMA_Abort_IT
                0x0000000008000d60       0xec Drivers/STM32F1xx_HAL_Driver/Src/stm32f1xx_hal_dma.o
                0x0000000008000d60                HAL_DMA_Abort_IT
 .text.HAL_GPIO_Init
                0x0000000008000e4c      0x308 Drivers/STM32F1xx_HAL_Driver/Src/stm32f1xx_hal_gpio.o
                0x0000000008000e4c                HAL_GPIO_Init
 .text.HAL_GPIO_WritePin
                0x0000000008001154       0x30 Drivers/STM32F1xx_HAL_Driver/Src/stm32f1xx_hal_gpio.o
                0x0000000008001154                HAL_GPIO_WritePin
 .text.HAL_GPIO_EXTI_IRQHandler
                0x0000000008001184       0x30 Drivers/STM32F1xx_HAL_Driver/Src/stm32f1xx_hal_gpio.o
                0x0000000008001184                HAL_GPIO_EXTI_IRQHandler
 .text.HAL_GPIO_EXTI_Callback
                0x00000000080011b4       0x14 Drivers/STM32F1xx_HAL_Driver/Src/stm32f1xx_hal_gpio.o
                0x00000000080011b4                HAL_GPIO_EXTI_Callback
 .text.HAL_RCC_OscConfig
                0x00000000080011c8      0x500 Drivers/STM32F1xx_HAL_Driver/Src/stm32f1xx_hal_rcc.o
                0x00000000080011c8                HAL_RCC_OscConfig
 .text.HAL_RCC_ClockConfig
                0x00000000080016c8      0x1d4 Drivers/STM32F1xx_HAL_Driver/Src/stm32f1xx_hal_rcc.o
                0x00000000080016c8                HAL_RCC_ClockConfig
 .text.HAL_RCC_GetSysClockFreq
                0x000000000800189c       0xc0 Drivers/STM32F1xx_HAL_Driver/Src/stm32f1xx_hal_rcc.o
                0x000000000800189c                HAL_RCC_GetSysClockFreq
 .text.HAL_RCC_GetHCLKFreq
                0x000000000800195c       0x14 Drivers/STM32F1xx_HAL_Driver/Src/stm32f1xx_hal_rcc.o
                0x000000000800195c                HAL_RCC_GetHCLKFreq
 .text.HAL_RCC_GetPCLK1Freq
                0x0000000008001970       0x28 Drivers/STM32F1xx_HAL_Driver/Src/stm32f1xx_hal_rcc.o
                0x0000000008001970                HAL_RCC_GetPCLK1Freq
 .text.HAL_RCC_GetPCLK2Freq
                0x0000000008001998       0x28 Drivers/STM32F1xx_HAL_Driver/Src/stm32f1xx_hal_rcc.o
                0x0000000008001998                HAL_RCC_GetPCLK2Freq
 .text.RCC_Delay
                0x00000000080019c0       0x3c Drivers/STM32F1xx_HAL_Driver/Src/stm32f1xx_hal_rcc.o
 .text.HAL_SPI_Init
                0x00000000080019fc      0x108 Drivers/STM32F1xx_HAL_Driver/Src/stm32f1xx_hal_spi.o
                0x00000000080019fc                HAL_SPI_Init
 .text.HAL_SPI_TransmitReceive
                0x0000000008001b04      0x344 Drivers/STM32F1xx_HAL_Driver/Src/stm32f1xx_hal_spi.o
                0x0000000008001b04                HAL_SPI_TransmitReceive
 .text.SPI_WaitFlagStateUntilTimeout
                0x0000000008001e48      0x110 Drivers/STM32F1xx_HAL_Driver/Src/stm32f1xx_hal_spi.o
 .text.SPI_EndRxTxTransaction
                0x0000000008001f58       0x3c Drivers/STM32F1xx_HAL_Driver/Src/stm32f1xx_hal_spi.o
 .text.HAL_UART_Init
                0x0000000008001f94       0x9a Drivers/STM32F1xx_HAL_Driver/Src/stm32f1xx_hal_uart.o
                0x0000000008001f94                HAL_UART_Init
 .text.HAL_UART_Transmit
                0x000000000800202e      0x124 Drivers/STM32F1xx_HAL_Driver/Src/stm32f1xx_hal_uart.o
                0x000000000800202e                HAL_UART_Transmit
 *fill*         0x0000000008002152        0x2 
 .text.HAL_UART_IRQHandler
                0x0000000008002154      0x354 Drivers/STM32F1xx_HAL_Driver/Src/stm32f1xx_hal_uart.o
                0x0000000008002154                HAL_UART_IRQHandler
 .text.HAL_UART_TxCpltCallback
                0x00000000080024a8       0x12 Drivers/STM32F1xx_HAL_Driver/Src/stm32f1xx_hal_uart.o
                0x00000000080024a8                HAL_UART_TxCpltCallback
 .text.HAL_UART_RxCpltCallback
                0x00000000080024ba       0x12 Drivers/STM32F1xx_HAL_Driver/Src/stm32f1xx_hal_uart.o
                0x00000000080024ba                HAL_UART_RxCpltCallback
 .text.HAL_UART_ErrorCallback
                0x00000000080024cc       0x12 Drivers/STM32F1xx_HAL_Driver/Src/stm32f1xx_hal_uart.o
                0x00000000080024cc                HAL_UART_ErrorCallback
 .text.HAL_UARTEx_RxEventCallback
                0x00000000080024de       0x16 Drivers/STM32F1xx_HAL_Driver/Src/stm32f1xx_hal_uart.o
                0x00000000080024de                HAL_UARTEx_RxEventCallback
 .text.UART_WaitOnFlagUntilTimeout
                0x00000000080024f4       0x94 Drivers/STM32F1xx_HAL_Driver/Src/stm32f1xx_hal_uart.o
 .text.UART_EndRxTransfer
                0x0000000008002588       0x58 Drivers/STM32F1xx_HAL_Driver/Src/stm32f1xx_hal_uart.o
 .text.UART_DMAAbortOnError
                0x00000000080025e0       0x28 Drivers/STM32F1xx_HAL_Driver/Src/stm32f1xx_hal_uart.o
 .text.UART_Transmit_IT
                0x0000000008002608       0x9e Drivers/STM32F1xx_HAL_Driver/Src/stm32f1xx_hal_uart.o
 .text.UART_EndTransmit_IT
                0x00000000080026a6       0x30 Drivers/STM32F1xx_HAL_Driver/Src/stm32f1xx_hal_uart.o
 .text.UART_Receive_IT
                0x00000000080026d6      0x152 Drivers/STM32F1xx_HAL_Driver/Src/stm32f1xx_hal_uart.o
 .text.UART_SetConfig
                0x0000000008002828      0x11c Drivers/STM32F1xx_HAL_Driver/Src/stm32f1xx_hal_uart.o
 .text.loopback_tcps
                0x0000000008002944      0x23c ioLibrary_Driver/Application/loopback/loopback.o
                0x0000000008002944                loopback_tcps
 .text.WIZCHIP_WRITE
                0x0000000008002b80       0x5c ioLibrary_Driver/Ethernet/W5100S/w5100s.o
                0x0000000008002b80                WIZCHIP_WRITE
 .text.WIZCHIP_READ
                0x0000000008002bdc       0x5c ioLibrary_Driver/Ethernet/W5100S/w5100s.o
                0x0000000008002bdc                WIZCHIP_READ
 .text.WIZCHIP_WRITE_BUF
                0x0000000008002c38       0x90 ioLibrary_Driver/Ethernet/W5100S/w5100s.o
                0x0000000008002c38                WIZCHIP_WRITE_BUF
 .text.WIZCHIP_READ_BUF
                0x0000000008002cc8       0x90 ioLibrary_Driver/Ethernet/W5100S/w5100s.o
                0x0000000008002cc8                WIZCHIP_READ_BUF
 .text.getSn_TX_FSR
                0x0000000008002d58       0x86 ioLibrary_Driver/Ethernet/W5100S/w5100s.o
                0x0000000008002d58                getSn_TX_FSR
 .text.getSn_RX_RSR
                0x0000000008002dde       0x86 ioLibrary_Driver/Ethernet/W5100S/w5100s.o
                0x0000000008002dde                getSn_RX_RSR
 .text.getSn_RxBASE
                0x0000000008002e64       0x6c ioLibrary_Driver/Ethernet/W5100S/w5100s.o
                0x0000000008002e64                getSn_RxBASE
 .text.getSn_TxBASE
                0x0000000008002ed0       0x6c ioLibrary_Driver/Ethernet/W5100S/w5100s.o
                0x0000000008002ed0                getSn_TxBASE
 .text.wiz_send_data
                0x0000000008002f3c      0x172 ioLibrary_Driver/Ethernet/W5100S/w5100s.o
                0x0000000008002f3c                wiz_send_data
 .text.wiz_recv_data
                0x00000000080030ae      0x16c ioLibrary_Driver/Ethernet/W5100S/w5100s.o
                0x00000000080030ae                wiz_recv_data
 .text.wiz_mdio_write
                0x000000000800321a       0x56 ioLibrary_Driver/Ethernet/W5100S/w5100s.o
                0x000000000800321a                wiz_mdio_write
 .text.wiz_mdio_read
                0x0000000008003270       0x4e ioLibrary_Driver/Ethernet/W5100S/w5100s.o
                0x0000000008003270                wiz_mdio_read
 *fill*         0x00000000080032be        0x2 
 .text.socket   0x00000000080032c0      0x208 ioLibrary_Driver/Ethernet/socket.o
                0x00000000080032c0                socket
 .text.close    0x00000000080034c8       0xcc ioLibrary_Driver/Ethernet/socket.o
                0x00000000080034c8                close
 .text.listen   0x0000000008003594       0xa0 ioLibrary_Driver/Ethernet/socket.o
                0x0000000008003594                listen
 .text.disconnect
                0x0000000008003634       0xdc ioLibrary_Driver/Ethernet/socket.o
                0x0000000008003634                disconnect
 .text.send     0x0000000008003710      0x1e8 ioLibrary_Driver/Ethernet/socket.o
                0x0000000008003710                send
 .text.recv     0x00000000080038f8      0x184 ioLibrary_Driver/Ethernet/socket.o
                0x00000000080038f8                recv
 .text.wizchip_cris_enter
                0x0000000008003a7c        0xc ioLibrary_Driver/Ethernet/wizchip_conf.o
                0x0000000008003a7c                wizchip_cris_enter
 .text.wizchip_cris_exit
                0x0000000008003a88        0xc ioLibrary_Driver/Ethernet/wizchip_conf.o
                0x0000000008003a88                wizchip_cris_exit
 .text.wizchip_cs_select
                0x0000000008003a94        0xc ioLibrary_Driver/Ethernet/wizchip_conf.o
                0x0000000008003a94                wizchip_cs_select
 .text.wizchip_cs_deselect
                0x0000000008003aa0        0xc ioLibrary_Driver/Ethernet/wizchip_conf.o
                0x0000000008003aa0                wizchip_cs_deselect
 .text.wizchip_bus_readdata
                0x0000000008003aac       0x18 ioLibrary_Driver/Ethernet/wizchip_conf.o
                0x0000000008003aac                wizchip_bus_readdata
 .text.wizchip_bus_writedata
                0x0000000008003ac4       0x1c ioLibrary_Driver/Ethernet/wizchip_conf.o
                0x0000000008003ac4                wizchip_bus_writedata
 .text.wizchip_spi_readbyte
                0x0000000008003ae0        0xe ioLibrary_Driver/Ethernet/wizchip_conf.o
                0x0000000008003ae0                wizchip_spi_readbyte
 .text.wizchip_spi_writebyte
                0x0000000008003aee       0x14 ioLibrary_Driver/Ethernet/wizchip_conf.o
                0x0000000008003aee                wizchip_spi_writebyte
 *fill*         0x0000000008003b02        0x2 
 .text.reg_wizchip_cs_cbfunc
                0x0000000008003b04       0x48 ioLibrary_Driver/Ethernet/wizchip_conf.o
                0x0000000008003b04                reg_wizchip_cs_cbfunc
 .text.reg_wizchip_spi_cbfunc
                0x0000000008003b4c       0x58 ioLibrary_Driver/Ethernet/wizchip_conf.o
                0x0000000008003b4c                reg_wizchip_spi_cbfunc
 .text.ctlwizchip
                0x0000000008003ba4      0x170 ioLibrary_Driver/Ethernet/wizchip_conf.o
                0x0000000008003ba4                ctlwizchip
 .text.wizchip_sw_reset
                0x0000000008003d14       0x88 ioLibrary_Driver/Ethernet/wizchip_conf.o
                0x0000000008003d14                wizchip_sw_reset
 .text.wizchip_init
                0x0000000008003d9c      0x1c4 ioLibrary_Driver/Ethernet/wizchip_conf.o
                0x0000000008003d9c                wizchip_init
 .text.wizchip_clrinterrupt
                0x0000000008003f60       0x46 ioLibrary_Driver/Ethernet/wizchip_conf.o
                0x0000000008003f60                wizchip_clrinterrupt
 .text.wizchip_getinterrupt
                0x0000000008003fa6       0x4c ioLibrary_Driver/Ethernet/wizchip_conf.o
                0x0000000008003fa6                wizchip_getinterrupt
 .text.wizchip_setinterruptmask
                0x0000000008003ff2       0x40 ioLibrary_Driver/Ethernet/wizchip_conf.o
                0x0000000008003ff2                wizchip_setinterruptmask
 .text.wizchip_getinterruptmask
                0x0000000008004032       0x48 ioLibrary_Driver/Ethernet/wizchip_conf.o
                0x0000000008004032                wizchip_getinterruptmask
 .text.wizphy_getphylink
                0x000000000800407a       0x2a ioLibrary_Driver/Ethernet/wizchip_conf.o
                0x000000000800407a                wizphy_getphylink
 .text.wizphy_getphypmode
                0x00000000080040a4       0x1c ioLibrary_Driver/Ethernet/wizchip_conf.o
                0x00000000080040a4                wizphy_getphypmode
 .text.wizphy_reset
                0x00000000080040c0       0x40 ioLibrary_Driver/Ethernet/wizchip_conf.o
                0x00000000080040c0                wizphy_reset
 .text.wizphy_setphyconf
                0x0000000008004100       0x72 ioLibrary_Driver/Ethernet/wizchip_conf.o
                0x0000000008004100                wizphy_setphyconf
 .text.wizphy_getphyconf
                0x0000000008004172       0x6c ioLibrary_Driver/Ethernet/wizchip_conf.o
                0x0000000008004172                wizphy_getphyconf
 .text.wizphy_setphypmode
                0x00000000080041de       0x72 ioLibrary_Driver/Ethernet/wizchip_conf.o
                0x00000000080041de                wizphy_setphypmode
 .text.wizchip_setnetinfo
                0x0000000008004250       0x78 ioLibrary_Driver/Ethernet/wizchip_conf.o
                0x0000000008004250                wizchip_setnetinfo
 .text.wizchip_getnetinfo
                0x00000000080042c8       0x78 ioLibrary_Driver/Ethernet/wizchip_conf.o
                0x00000000080042c8                wizchip_getnetinfo
 .text.__errno  0x0000000008004340        0xc c:/st/stm32cubeide_1.6.1/stm32cubeide/plugins/com.st.stm32cube.ide.mcu.externaltools.gnu-tools-for-stm32.9-2020-q2-update.win32_1.5.0.202011040924/tools/bin/../lib/gcc/arm-none-eabi/9.3.1/../../../../arm-none-eabi/lib/thumb/v7-m/nofp\libc_nano.a(lib_a-errno.o)
                0x0000000008004340                __errno
 .text.__libc_init_array
                0x000000000800434c       0x48 c:/st/stm32cubeide_1.6.1/stm32cubeide/plugins/com.st.stm32cube.ide.mcu.externaltools.gnu-tools-for-stm32.9-2020-q2-update.win32_1.5.0.202011040924/tools/bin/../lib/gcc/arm-none-eabi/9.3.1/../../../../arm-none-eabi/lib/thumb/v7-m/nofp\libc_nano.a(lib_a-init.o)
                0x000000000800434c                __libc_init_array
 .text.memset   0x0000000008004394       0x10 c:/st/stm32cubeide_1.6.1/stm32cubeide/plugins/com.st.stm32cube.ide.mcu.externaltools.gnu-tools-for-stm32.9-2020-q2-update.win32_1.5.0.202011040924/tools/bin/../lib/gcc/arm-none-eabi/9.3.1/../../../../arm-none-eabi/lib/thumb/v7-m/nofp\libc_nano.a(lib_a-memset.o)
                0x0000000008004394                memset
 .text._free_r  0x00000000080043a4       0x98 c:/st/stm32cubeide_1.6.1/stm32cubeide/plugins/com.st.stm32cube.ide.mcu.externaltools.gnu-tools-for-stm32.9-2020-q2-update.win32_1.5.0.202011040924/tools/bin/../lib/gcc/arm-none-eabi/9.3.1/../../../../arm-none-eabi/lib/thumb/v7-m/nofp\libc_nano.a(lib_a-nano-freer.o)
                0x00000000080043a4                _free_r
 .text._malloc_r
                0x000000000800443c       0xb4 c:/st/stm32cubeide_1.6.1/stm32cubeide/plugins/com.st.stm32cube.ide.mcu.externaltools.gnu-tools-for-stm32.9-2020-q2-update.win32_1.5.0.202011040924/tools/bin/../lib/gcc/arm-none-eabi/9.3.1/../../../../arm-none-eabi/lib/thumb/v7-m/nofp\libc_nano.a(lib_a-nano-mallocr.o)
                0x000000000800443c                _malloc_r
 .text.printf   0x00000000080044f0       0x30 c:/st/stm32cubeide_1.6.1/stm32cubeide/plugins/com.st.stm32cube.ide.mcu.externaltools.gnu-tools-for-stm32.9-2020-q2-update.win32_1.5.0.202011040924/tools/bin/../lib/gcc/arm-none-eabi/9.3.1/../../../../arm-none-eabi/lib/thumb/v7-m/nofp\libc_nano.a(lib_a-printf.o)
                0x00000000080044f0                iprintf
                0x00000000080044f0                printf
 .text._puts_r  0x0000000008004520       0xdc c:/st/stm32cubeide_1.6.1/stm32cubeide/plugins/com.st.stm32cube.ide.mcu.externaltools.gnu-tools-for-stm32.9-2020-q2-update.win32_1.5.0.202011040924/tools/bin/../lib/gcc/arm-none-eabi/9.3.1/../../../../arm-none-eabi/lib/thumb/v7-m/nofp\libc_nano.a(lib_a-puts.o)
                0x0000000008004520                _puts_r
 .text.puts     0x00000000080045fc       0x10 c:/st/stm32cubeide_1.6.1/stm32cubeide/plugins/com.st.stm32cube.ide.mcu.externaltools.gnu-tools-for-stm32.9-2020-q2-update.win32_1.5.0.202011040924/tools/bin/../lib/gcc/arm-none-eabi/9.3.1/../../../../arm-none-eabi/lib/thumb/v7-m/nofp\libc_nano.a(lib_a-puts.o)
                0x00000000080045fc                puts
 .text._sbrk_r  0x000000000800460c       0x20 c:/st/stm32cubeide_1.6.1/stm32cubeide/plugins/com.st.stm32cube.ide.mcu.externaltools.gnu-tools-for-stm32.9-2020-q2-update.win32_1.5.0.202011040924/tools/bin/../lib/gcc/arm-none-eabi/9.3.1/../../../../arm-none-eabi/lib/thumb/v7-m/nofp\libc_nano.a(lib_a-sbrkr.o)
                0x000000000800460c                _sbrk_r
 .text.__sread  0x000000000800462c       0x22 c:/st/stm32cubeide_1.6.1/stm32cubeide/plugins/com.st.stm32cube.ide.mcu.externaltools.gnu-tools-for-stm32.9-2020-q2-update.win32_1.5.0.202011040924/tools/bin/../lib/gcc/arm-none-eabi/9.3.1/../../../../arm-none-eabi/lib/thumb/v7-m/nofp\libc_nano.a(lib_a-stdio.o)
                0x000000000800462c                __sread
 .text.__swrite
                0x000000000800464e       0x38 c:/st/stm32cubeide_1.6.1/stm32cubeide/plugins/com.st.stm32cube.ide.mcu.externaltools.gnu-tools-for-stm32.9-2020-q2-update.win32_1.5.0.202011040924/tools/bin/../lib/gcc/arm-none-eabi/9.3.1/../../../../arm-none-eabi/lib/thumb/v7-m/nofp\libc_nano.a(lib_a-stdio.o)
                0x000000000800464e                __swrite
 .text.__sseek  0x0000000008004686       0x24 c:/st/stm32cubeide_1.6.1/stm32cubeide/plugins/com.st.stm32cube.ide.mcu.externaltools.gnu-tools-for-stm32.9-2020-q2-update.win32_1.5.0.202011040924/tools/bin/../lib/gcc/arm-none-eabi/9.3.1/../../../../arm-none-eabi/lib/thumb/v7-m/nofp\libc_nano.a(lib_a-stdio.o)
                0x0000000008004686                __sseek
 .text.__sclose
                0x00000000080046aa        0x8 c:/st/stm32cubeide_1.6.1/stm32cubeide/plugins/com.st.stm32cube.ide.mcu.externaltools.gnu-tools-for-stm32.9-2020-q2-update.win32_1.5.0.202011040924/tools/bin/../lib/gcc/arm-none-eabi/9.3.1/../../../../arm-none-eabi/lib/thumb/v7-m/nofp\libc_nano.a(lib_a-stdio.o)
                0x00000000080046aa                __sclose
 *fill*         0x00000000080046b2        0x2 
 .text.__swbuf_r
                0x00000000080046b4       0xa4 c:/st/stm32cubeide_1.6.1/stm32cubeide/plugins/com.st.stm32cube.ide.mcu.externaltools.gnu-tools-for-stm32.9-2020-q2-update.win32_1.5.0.202011040924/tools/bin/../lib/gcc/arm-none-eabi/9.3.1/../../../../arm-none-eabi/lib/thumb/v7-m/nofp\libc_nano.a(lib_a-wbuf.o)
                0x00000000080046b4                __swbuf_r
 .text._write_r
                0x0000000008004758       0x24 c:/st/stm32cubeide_1.6.1/stm32cubeide/plugins/com.st.stm32cube.ide.mcu.externaltools.gnu-tools-for-stm32.9-2020-q2-update.win32_1.5.0.202011040924/tools/bin/../lib/gcc/arm-none-eabi/9.3.1/../../../../arm-none-eabi/lib/thumb/v7-m/nofp\libc_nano.a(lib_a-writer.o)
                0x0000000008004758                _write_r
 .text.__swsetup_r
                0x000000000800477c       0xdc c:/st/stm32cubeide_1.6.1/stm32cubeide/plugins/com.st.stm32cube.ide.mcu.externaltools.gnu-tools-for-stm32.9-2020-q2-update.win32_1.5.0.202011040924/tools/bin/../lib/gcc/arm-none-eabi/9.3.1/../../../../arm-none-eabi/lib/thumb/v7-m/nofp\libc_nano.a(lib_a-wsetup.o)
                0x000000000800477c                __swsetup_r
 .text._close_r
                0x0000000008004858       0x20 c:/st/stm32cubeide_1.6.1/stm32cubeide/plugins/com.st.stm32cube.ide.mcu.externaltools.gnu-tools-for-stm32.9-2020-q2-update.win32_1.5.0.202011040924/tools/bin/../lib/gcc/arm-none-eabi/9.3.1/../../../../arm-none-eabi/lib/thumb/v7-m/nofp\libc_nano.a(lib_a-closer.o)
                0x0000000008004858                _close_r
 .text.__sflush_r
                0x0000000008004878      0x10c c:/st/stm32cubeide_1.6.1/stm32cubeide/plugins/com.st.stm32cube.ide.mcu.externaltools.gnu-tools-for-stm32.9-2020-q2-update.win32_1.5.0.202011040924/tools/bin/../lib/gcc/arm-none-eabi/9.3.1/../../../../arm-none-eabi/lib/thumb/v7-m/nofp\libc_nano.a(lib_a-fflush.o)
                0x0000000008004878                __sflush_r
 .text._fflush_r
                0x0000000008004984       0x78 c:/st/stm32cubeide_1.6.1/stm32cubeide/plugins/com.st.stm32cube.ide.mcu.externaltools.gnu-tools-for-stm32.9-2020-q2-update.win32_1.5.0.202011040924/tools/bin/../lib/gcc/arm-none-eabi/9.3.1/../../../../arm-none-eabi/lib/thumb/v7-m/nofp\libc_nano.a(lib_a-fflush.o)
                0x0000000008004984                _fflush_r
 .text.std      0x00000000080049fc       0x48 c:/st/stm32cubeide_1.6.1/stm32cubeide/plugins/com.st.stm32cube.ide.mcu.externaltools.gnu-tools-for-stm32.9-2020-q2-update.win32_1.5.0.202011040924/tools/bin/../lib/gcc/arm-none-eabi/9.3.1/../../../../arm-none-eabi/lib/thumb/v7-m/nofp\libc_nano.a(lib_a-findfp.o)
 .text._cleanup_r
                0x0000000008004a44        0xc c:/st/stm32cubeide_1.6.1/stm32cubeide/plugins/com.st.stm32cube.ide.mcu.externaltools.gnu-tools-for-stm32.9-2020-q2-update.win32_1.5.0.202011040924/tools/bin/../lib/gcc/arm-none-eabi/9.3.1/../../../../arm-none-eabi/lib/thumb/v7-m/nofp\libc_nano.a(lib_a-findfp.o)
                0x0000000008004a44                _cleanup_r
 .text.__sfmoreglue
                0x0000000008004a50       0x2c c:/st/stm32cubeide_1.6.1/stm32cubeide/plugins/com.st.stm32cube.ide.mcu.externaltools.gnu-tools-for-stm32.9-2020-q2-update.win32_1.5.0.202011040924/tools/bin/../lib/gcc/arm-none-eabi/9.3.1/../../../../arm-none-eabi/lib/thumb/v7-m/nofp\libc_nano.a(lib_a-findfp.o)
                0x0000000008004a50                __sfmoreglue
 .text.__sfp_lock_acquire
                0x0000000008004a7c        0xc c:/st/stm32cubeide_1.6.1/stm32cubeide/plugins/com.st.stm32cube.ide.mcu.externaltools.gnu-tools-for-stm32.9-2020-q2-update.win32_1.5.0.202011040924/tools/bin/../lib/gcc/arm-none-eabi/9.3.1/../../../../arm-none-eabi/lib/thumb/v7-m/nofp\libc_nano.a(lib_a-findfp.o)
                0x0000000008004a7c                __sfp_lock_acquire
 .text.__sfp_lock_release
                0x0000000008004a88        0xc c:/st/stm32cubeide_1.6.1/stm32cubeide/plugins/com.st.stm32cube.ide.mcu.externaltools.gnu-tools-for-stm32.9-2020-q2-update.win32_1.5.0.202011040924/tools/bin/../lib/gcc/arm-none-eabi/9.3.1/../../../../arm-none-eabi/lib/thumb/v7-m/nofp\libc_nano.a(lib_a-findfp.o)
                0x0000000008004a88                __sfp_lock_release
 .text.__sinit_lock_acquire
                0x0000000008004a94        0xc c:/st/stm32cubeide_1.6.1/stm32cubeide/plugins/com.st.stm32cube.ide.mcu.externaltools.gnu-tools-for-stm32.9-2020-q2-update.win32_1.5.0.202011040924/tools/bin/../lib/gcc/arm-none-eabi/9.3.1/../../../../arm-none-eabi/lib/thumb/v7-m/nofp\libc_nano.a(lib_a-findfp.o)
                0x0000000008004a94                __sinit_lock_acquire
 .text.__sinit_lock_release
                0x0000000008004aa0        0xc c:/st/stm32cubeide_1.6.1/stm32cubeide/plugins/com.st.stm32cube.ide.mcu.externaltools.gnu-tools-for-stm32.9-2020-q2-update.win32_1.5.0.202011040924/tools/bin/../lib/gcc/arm-none-eabi/9.3.1/../../../../arm-none-eabi/lib/thumb/v7-m/nofp\libc_nano.a(lib_a-findfp.o)
                0x0000000008004aa0                __sinit_lock_release
 .text.__sinit  0x0000000008004aac       0x70 c:/st/stm32cubeide_1.6.1/stm32cubeide/plugins/com.st.stm32cube.ide.mcu.externaltools.gnu-tools-for-stm32.9-2020-q2-update.win32_1.5.0.202011040924/tools/bin/../lib/gcc/arm-none-eabi/9.3.1/../../../../arm-none-eabi/lib/thumb/v7-m/nofp\libc_nano.a(lib_a-findfp.o)
                0x0000000008004aac                __sinit
 .text.__sfp    0x0000000008004b1c       0x8c c:/st/stm32cubeide_1.6.1/stm32cubeide/plugins/com.st.stm32cube.ide.mcu.externaltools.gnu-tools-for-stm32.9-2020-q2-update.win32_1.5.0.202011040924/tools/bin/../lib/gcc/arm-none-eabi/9.3.1/../../../../arm-none-eabi/lib/thumb/v7-m/nofp\libc_nano.a(lib_a-findfp.o)
                0x0000000008004b1c                __sfp
 .text._fwalk_reent
                0x0000000008004ba8       0x3e c:/st/stm32cubeide_1.6.1/stm32cubeide/plugins/com.st.stm32cube.ide.mcu.externaltools.gnu-tools-for-stm32.9-2020-q2-update.win32_1.5.0.202011040924/tools/bin/../lib/gcc/arm-none-eabi/9.3.1/../../../../arm-none-eabi/lib/thumb/v7-m/nofp\libc_nano.a(lib_a-fwalk.o)
                0x0000000008004ba8                _fwalk_reent
 .text.__retarget_lock_init_recursive
                0x0000000008004be6        0x2 c:/st/stm32cubeide_1.6.1/stm32cubeide/plugins/com.st.stm32cube.ide.mcu.externaltools.gnu-tools-for-stm32.9-2020-q2-update.win32_1.5.0.202011040924/tools/bin/../lib/gcc/arm-none-eabi/9.3.1/../../../../arm-none-eabi/lib/thumb/v7-m/nofp\libc_nano.a(lib_a-lock.o)
                0x0000000008004be6                __retarget_lock_init_recursive
 .text.__retarget_lock_acquire_recursive
                0x0000000008004be8        0x2 c:/st/stm32cubeide_1.6.1/stm32cubeide/plugins/com.st.stm32cube.ide.mcu.externaltools.gnu-tools-for-stm32.9-2020-q2-update.win32_1.5.0.202011040924/tools/bin/../lib/gcc/arm-none-eabi/9.3.1/../../../../arm-none-eabi/lib/thumb/v7-m/nofp\libc_nano.a(lib_a-lock.o)
                0x0000000008004be8                __retarget_lock_acquire_recursive
 .text.__retarget_lock_release_recursive
                0x0000000008004bea        0x2 c:/st/stm32cubeide_1.6.1/stm32cubeide/plugins/com.st.stm32cube.ide.mcu.externaltools.gnu-tools-for-stm32.9-2020-q2-update.win32_1.5.0.202011040924/tools/bin/../lib/gcc/arm-none-eabi/9.3.1/../../../../arm-none-eabi/lib/thumb/v7-m/nofp\libc_nano.a(lib_a-lock.o)
                0x0000000008004bea                __retarget_lock_release_recursive
 .text._lseek_r
                0x0000000008004bec       0x24 c:/st/stm32cubeide_1.6.1/stm32cubeide/plugins/com.st.stm32cube.ide.mcu.externaltools.gnu-tools-for-stm32.9-2020-q2-update.win32_1.5.0.202011040924/tools/bin/../lib/gcc/arm-none-eabi/9.3.1/../../../../arm-none-eabi/lib/thumb/v7-m/nofp\libc_nano.a(lib_a-lseekr.o)
                0x0000000008004bec                _lseek_r
 .text.__swhatbuf_r
                0x0000000008004c10       0x48 c:/st/stm32cubeide_1.6.1/stm32cubeide/plugins/com.st.stm32cube.ide.mcu.externaltools.gnu-tools-for-stm32.9-2020-q2-update.win32_1.5.0.202011040924/tools/bin/../lib/gcc/arm-none-eabi/9.3.1/../../../../arm-none-eabi/lib/thumb/v7-m/nofp\libc_nano.a(lib_a-makebuf.o)
                0x0000000008004c10                __swhatbuf_r
 .text.__smakebuf_r
                0x0000000008004c58       0x80 c:/st/stm32cubeide_1.6.1/stm32cubeide/plugins/com.st.stm32cube.ide.mcu.externaltools.gnu-tools-for-stm32.9-2020-q2-update.win32_1.5.0.202011040924/tools/bin/../lib/gcc/arm-none-eabi/9.3.1/../../../../arm-none-eabi/lib/thumb/v7-m/nofp\libc_nano.a(lib_a-makebuf.o)
                0x0000000008004c58                __smakebuf_r
 .text.__malloc_lock
                0x0000000008004cd8        0xc c:/st/stm32cubeide_1.6.1/stm32cubeide/plugins/com.st.stm32cube.ide.mcu.externaltools.gnu-tools-for-stm32.9-2020-q2-update.win32_1.5.0.202011040924/tools/bin/../lib/gcc/arm-none-eabi/9.3.1/../../../../arm-none-eabi/lib/thumb/v7-m/nofp\libc_nano.a(lib_a-mlock.o)
                0x0000000008004cd8                __malloc_lock
 .text.__malloc_unlock
                0x0000000008004ce4        0xc c:/st/stm32cubeide_1.6.1/stm32cubeide/plugins/com.st.stm32cube.ide.mcu.externaltools.gnu-tools-for-stm32.9-2020-q2-update.win32_1.5.0.202011040924/tools/bin/../lib/gcc/arm-none-eabi/9.3.1/../../../../arm-none-eabi/lib/thumb/v7-m/nofp\libc_nano.a(lib_a-mlock.o)
                0x0000000008004ce4                __malloc_unlock
 .text.__sfputc_r
                0x0000000008004cf0       0x2a c:/st/stm32cubeide_1.6.1/stm32cubeide/plugins/com.st.stm32cube.ide.mcu.externaltools.gnu-tools-for-stm32.9-2020-q2-update.win32_1.5.0.202011040924/tools/bin/../lib/gcc/arm-none-eabi/9.3.1/../../../../arm-none-eabi/lib/thumb/v7-m/nofp\libc_nano.a(lib_a-nano-vfprintf.o)
 .text.__sfputs_r
                0x0000000008004d1a       0x24 c:/st/stm32cubeide_1.6.1/stm32cubeide/plugins/com.st.stm32cube.ide.mcu.externaltools.gnu-tools-for-stm32.9-2020-q2-update.win32_1.5.0.202011040924/tools/bin/../lib/gcc/arm-none-eabi/9.3.1/../../../../arm-none-eabi/lib/thumb/v7-m/nofp\libc_nano.a(lib_a-nano-vfprintf.o)
                0x0000000008004d1a                __sfputs_r
 *fill*         0x0000000008004d3e        0x2 
 .text._vfprintf_r
                0x0000000008004d40      0x260 c:/st/stm32cubeide_1.6.1/stm32cubeide/plugins/com.st.stm32cube.ide.mcu.externaltools.gnu-tools-for-stm32.9-2020-q2-update.win32_1.5.0.202011040924/tools/bin/../lib/gcc/arm-none-eabi/9.3.1/../../../../arm-none-eabi/lib/thumb/v7-m/nofp\libc_nano.a(lib_a-nano-vfprintf.o)
                0x0000000008004d40                _vfprintf_r
                0x0000000008004d40                _vfiprintf_r
 .text._printf_common
                0x0000000008004fa0       0xde c:/st/stm32cubeide_1.6.1/stm32cubeide/plugins/com.st.stm32cube.ide.mcu.externaltools.gnu-tools-for-stm32.9-2020-q2-update.win32_1.5.0.202011040924/tools/bin/../lib/gcc/arm-none-eabi/9.3.1/../../../../arm-none-eabi/lib/thumb/v7-m/nofp\libc_nano.a(lib_a-nano-vfprintf_i.o)
                0x0000000008004fa0                _printf_common
 *fill*         0x000000000800507e        0x2 
 .text._printf_i
                0x0000000008005080      0x24c c:/st/stm32cubeide_1.6.1/stm32cubeide/plugins/com.st.stm32cube.ide.mcu.externaltools.gnu-tools-for-stm32.9-2020-q2-update.win32_1.5.0.202011040924/tools/bin/../lib/gcc/arm-none-eabi/9.3.1/../../../../arm-none-eabi/lib/thumb/v7-m/nofp\libc_nano.a(lib_a-nano-vfprintf_i.o)
                0x0000000008005080                _printf_i
 .text._read_r  0x00000000080052cc       0x24 c:/st/stm32cubeide_1.6.1/stm32cubeide/plugins/com.st.stm32cube.ide.mcu.externaltools.gnu-tools-for-stm32.9-2020-q2-update.win32_1.5.0.202011040924/tools/bin/../lib/gcc/arm-none-eabi/9.3.1/../../../../arm-none-eabi/lib/thumb/v7-m/nofp\libc_nano.a(lib_a-readr.o)
                0x00000000080052cc                _read_r
 .text._fstat_r
                0x00000000080052f0       0x24 c:/st/stm32cubeide_1.6.1/stm32cubeide/plugins/com.st.stm32cube.ide.mcu.externaltools.gnu-tools-for-stm32.9-2020-q2-update.win32_1.5.0.202011040924/tools/bin/../lib/gcc/arm-none-eabi/9.3.1/../../../../arm-none-eabi/lib/thumb/v7-m/nofp\libc_nano.a(lib_a-fstatr.o)
                0x00000000080052f0                _fstat_r
 .text._isatty_r
                0x0000000008005314       0x20 c:/st/stm32cubeide_1.6.1/stm32cubeide/plugins/com.st.stm32cube.ide.mcu.externaltools.gnu-tools-for-stm32.9-2020-q2-update.win32_1.5.0.202011040924/tools/bin/../lib/gcc/arm-none-eabi/9.3.1/../../../../arm-none-eabi/lib/thumb/v7-m/nofp\libc_nano.a(lib_a-isattyr.o)
                0x0000000008005314                _isatty_r
 .text.memchr   0x0000000008005334       0x1c c:/st/stm32cubeide_1.6.1/stm32cubeide/plugins/com.st.stm32cube.ide.mcu.externaltools.gnu-tools-for-stm32.9-2020-q2-update.win32_1.5.0.202011040924/tools/bin/../lib/gcc/arm-none-eabi/9.3.1/../../../../arm-none-eabi/lib/thumb/v7-m/nofp\libc_nano.a(lib_a-memchr-stub.o)
                0x0000000008005334                memchr
 *(.glue_7)
 .glue_7        0x0000000008005350        0x0 linker stubs
 *(.glue_7t)
 .glue_7t       0x0000000008005350        0x0 linker stubs
 *(.eh_frame)
 .eh_frame      0x0000000008005350        0x0 c:/st/stm32cubeide_1.6.1/stm32cubeide/plugins/com.st.stm32cube.ide.mcu.externaltools.gnu-tools-for-stm32.9-2020-q2-update.win32_1.5.0.202011040924/tools/bin/../lib/gcc/arm-none-eabi/9.3.1/thumb/v7-m/nofp/crtbegin.o
 *(.init)
 .init          0x0000000008005350        0x4 c:/st/stm32cubeide_1.6.1/stm32cubeide/plugins/com.st.stm32cube.ide.mcu.externaltools.gnu-tools-for-stm32.9-2020-q2-update.win32_1.5.0.202011040924/tools/bin/../lib/gcc/arm-none-eabi/9.3.1/thumb/v7-m/nofp/crti.o
                0x0000000008005350                _init
 .init          0x0000000008005354        0x8 c:/st/stm32cubeide_1.6.1/stm32cubeide/plugins/com.st.stm32cube.ide.mcu.externaltools.gnu-tools-for-stm32.9-2020-q2-update.win32_1.5.0.202011040924/tools/bin/../lib/gcc/arm-none-eabi/9.3.1/thumb/v7-m/nofp/crtn.o
 *(.fini)
 .fini          0x000000000800535c        0x4 c:/st/stm32cubeide_1.6.1/stm32cubeide/plugins/com.st.stm32cube.ide.mcu.externaltools.gnu-tools-for-stm32.9-2020-q2-update.win32_1.5.0.202011040924/tools/bin/../lib/gcc/arm-none-eabi/9.3.1/thumb/v7-m/nofp/crti.o
                0x000000000800535c                _fini
 .fini          0x0000000008005360        0x8 c:/st/stm32cubeide_1.6.1/stm32cubeide/plugins/com.st.stm32cube.ide.mcu.externaltools.gnu-tools-for-stm32.9-2020-q2-update.win32_1.5.0.202011040924/tools/bin/../lib/gcc/arm-none-eabi/9.3.1/thumb/v7-m/nofp/crtn.o
                0x0000000008005368                . = ALIGN (0x4)
                0x0000000008005368                _etext = .

.vfp11_veneer   0x0000000008005368        0x0
 .vfp11_veneer  0x0000000008005368        0x0 linker stubs

.v4_bx          0x0000000008005368        0x0
 .v4_bx         0x0000000008005368        0x0 linker stubs

.iplt           0x0000000008005368        0x0
 .iplt          0x0000000008005368        0x0 c:/st/stm32cubeide_1.6.1/stm32cubeide/plugins/com.st.stm32cube.ide.mcu.externaltools.gnu-tools-for-stm32.9-2020-q2-update.win32_1.5.0.202011040924/tools/bin/../lib/gcc/arm-none-eabi/9.3.1/thumb/v7-m/nofp/crtbegin.o

.rodata         0x0000000008005368      0x300
                0x0000000008005368                . = ALIGN (0x4)
 *(.rodata)
 .rodata        0x0000000008005368      0x12b Core/Src/main.o
 *fill*         0x0000000008005493        0x1 
 .rodata        0x0000000008005494       0x10 Drivers/STM32F1xx_HAL_Driver/Src/stm32f1xx_hal_rcc.o
 .rodata        0x00000000080054a4      0x111 ioLibrary_Driver/Application/loopback/loopback.o
 *(.rodata*)
 *fill*         0x00000000080055b5        0x3 
 .rodata.AHBPrescTable
                0x00000000080055b8       0x10 Core/Src/system_stm32f1xx.o
                0x00000000080055b8                AHBPrescTable
 .rodata.APBPrescTable
                0x00000000080055c8        0x8 Core/Src/system_stm32f1xx.o
                0x00000000080055c8                APBPrescTable
 .rodata._global_impure_ptr
                0x00000000080055d0        0x4 c:/st/stm32cubeide_1.6.1/stm32cubeide/plugins/com.st.stm32cube.ide.mcu.externaltools.gnu-tools-for-stm32.9-2020-q2-update.win32_1.5.0.202011040924/tools/bin/../lib/gcc/arm-none-eabi/9.3.1/../../../../arm-none-eabi/lib/thumb/v7-m/nofp\libc_nano.a(lib_a-impure.o)
                0x00000000080055d0                _global_impure_ptr
 .rodata.__sf_fake_stderr
                0x00000000080055d4       0x20 c:/st/stm32cubeide_1.6.1/stm32cubeide/plugins/com.st.stm32cube.ide.mcu.externaltools.gnu-tools-for-stm32.9-2020-q2-update.win32_1.5.0.202011040924/tools/bin/../lib/gcc/arm-none-eabi/9.3.1/../../../../arm-none-eabi/lib/thumb/v7-m/nofp\libc_nano.a(lib_a-findfp.o)
                0x00000000080055d4                __sf_fake_stderr
 .rodata.__sf_fake_stdin
                0x00000000080055f4       0x20 c:/st/stm32cubeide_1.6.1/stm32cubeide/plugins/com.st.stm32cube.ide.mcu.externaltools.gnu-tools-for-stm32.9-2020-q2-update.win32_1.5.0.202011040924/tools/bin/../lib/gcc/arm-none-eabi/9.3.1/../../../../arm-none-eabi/lib/thumb/v7-m/nofp\libc_nano.a(lib_a-findfp.o)
                0x00000000080055f4                __sf_fake_stdin
 .rodata.__sf_fake_stdout
                0x0000000008005614       0x20 c:/st/stm32cubeide_1.6.1/stm32cubeide/plugins/com.st.stm32cube.ide.mcu.externaltools.gnu-tools-for-stm32.9-2020-q2-update.win32_1.5.0.202011040924/tools/bin/../lib/gcc/arm-none-eabi/9.3.1/../../../../arm-none-eabi/lib/thumb/v7-m/nofp\libc_nano.a(lib_a-findfp.o)
                0x0000000008005614                __sf_fake_stdout
 .rodata._vfprintf_r.str1.1
                0x0000000008005634       0x11 c:/st/stm32cubeide_1.6.1/stm32cubeide/plugins/com.st.stm32cube.ide.mcu.externaltools.gnu-tools-for-stm32.9-2020-q2-update.win32_1.5.0.202011040924/tools/bin/../lib/gcc/arm-none-eabi/9.3.1/../../../../arm-none-eabi/lib/thumb/v7-m/nofp\libc_nano.a(lib_a-nano-vfprintf.o)
 .rodata._printf_i.str1.1
                0x0000000008005645       0x22 c:/st/stm32cubeide_1.6.1/stm32cubeide/plugins/com.st.stm32cube.ide.mcu.externaltools.gnu-tools-for-stm32.9-2020-q2-update.win32_1.5.0.202011040924/tools/bin/../lib/gcc/arm-none-eabi/9.3.1/../../../../arm-none-eabi/lib/thumb/v7-m/nofp\libc_nano.a(lib_a-nano-vfprintf_i.o)
                0x0000000008005668                . = ALIGN (0x4)
 *fill*         0x0000000008005667        0x1 

.rel.dyn        0x0000000008005668        0x0
 .rel.iplt      0x0000000008005668        0x0 c:/st/stm32cubeide_1.6.1/stm32cubeide/plugins/com.st.stm32cube.ide.mcu.externaltools.gnu-tools-for-stm32.9-2020-q2-update.win32_1.5.0.202011040924/tools/bin/../lib/gcc/arm-none-eabi/9.3.1/thumb/v7-m/nofp/crtbegin.o

.ARM.extab      0x0000000008005668        0x0
                0x0000000008005668                . = ALIGN (0x4)
 *(.ARM.extab* .gnu.linkonce.armextab.*)
                0x0000000008005668                . = ALIGN (0x4)

.ARM            0x0000000008005668        0x0
                0x0000000008005668                . = ALIGN (0x4)
                0x0000000008005668                __exidx_start = .
 *(.ARM.exidx*)
                0x0000000008005668                __exidx_end = .
                0x0000000008005668                . = ALIGN (0x4)

.preinit_array  0x0000000008005668        0x0
                0x0000000008005668                . = ALIGN (0x4)
                0x0000000008005668                PROVIDE (__preinit_array_start = .)
 *(.preinit_array*)
                0x0000000008005668                PROVIDE (__preinit_array_end = .)
                0x0000000008005668                . = ALIGN (0x4)

.init_array     0x0000000008005668        0x4
                0x0000000008005668                . = ALIGN (0x4)
                0x0000000008005668                PROVIDE (__init_array_start = .)
 *(SORT_BY_NAME(.init_array.*))
 *(.init_array*)
 .init_array    0x0000000008005668        0x4 c:/st/stm32cubeide_1.6.1/stm32cubeide/plugins/com.st.stm32cube.ide.mcu.externaltools.gnu-tools-for-stm32.9-2020-q2-update.win32_1.5.0.202011040924/tools/bin/../lib/gcc/arm-none-eabi/9.3.1/thumb/v7-m/nofp/crtbegin.o
                0x000000000800566c                PROVIDE (__init_array_end = .)
                0x000000000800566c                . = ALIGN (0x4)

.fini_array     0x000000000800566c        0x4
                0x000000000800566c                . = ALIGN (0x4)
                [!provide]                        PROVIDE (__fini_array_start = .)
 *(SORT_BY_NAME(.fini_array.*))
 *(.fini_array*)
 .fini_array    0x000000000800566c        0x4 c:/st/stm32cubeide_1.6.1/stm32cubeide/plugins/com.st.stm32cube.ide.mcu.externaltools.gnu-tools-for-stm32.9-2020-q2-update.win32_1.5.0.202011040924/tools/bin/../lib/gcc/arm-none-eabi/9.3.1/thumb/v7-m/nofp/crtbegin.o
                [!provide]                        PROVIDE (__fini_array_end = .)
                0x0000000008005670                . = ALIGN (0x4)
                0x0000000008005670                _sidata = LOADADDR (.data)

.data           0x0000000020000000       0xb4 load address 0x0000000008005670
                0x0000000020000000                . = ALIGN (0x4)
                0x0000000020000000                _sdata = .
 *(.data)
 *(.data*)
 .data.defaultNetInfo
                0x0000000020000000       0x17 Core/Src/main.o
                0x0000000020000000                defaultNetInfo
 *fill*         0x0000000020000017        0x1 
 .data.SystemCoreClock
                0x0000000020000018        0x4 Core/Src/system_stm32f1xx.o
                0x0000000020000018                SystemCoreClock
 .data.uwTickPrio
                0x000000002000001c        0x4 Drivers/STM32F1xx_HAL_Driver/Src/stm32f1xx_hal.o
                0x000000002000001c                uwTickPrio
 .data.uwTickFreq
                0x0000000020000020        0x1 Drivers/STM32F1xx_HAL_Driver/Src/stm32f1xx_hal.o
                0x0000000020000020                uwTickFreq
 *fill*         0x0000000020000021        0x1 
 .data.sock_any_port
                0x0000000020000022        0x2 ioLibrary_Driver/Ethernet/socket.o
 .data.WIZCHIP  0x0000000020000024       0x2c ioLibrary_Driver/Ethernet/wizchip_conf.o
                0x0000000020000024                WIZCHIP
 .data._impure_ptr
                0x0000000020000050        0x4 c:/st/stm32cubeide_1.6.1/stm32cubeide/plugins/com.st.stm32cube.ide.mcu.externaltools.gnu-tools-for-stm32.9-2020-q2-update.win32_1.5.0.202011040924/tools/bin/../lib/gcc/arm-none-eabi/9.3.1/../../../../arm-none-eabi/lib/thumb/v7-m/nofp\libc_nano.a(lib_a-impure.o)
                0x0000000020000050                _impure_ptr
 .data.impure_data
                0x0000000020000054       0x60 c:/st/stm32cubeide_1.6.1/stm32cubeide/plugins/com.st.stm32cube.ide.mcu.externaltools.gnu-tools-for-stm32.9-2020-q2-update.win32_1.5.0.202011040924/tools/bin/../lib/gcc/arm-none-eabi/9.3.1/../../../../arm-none-eabi/lib/thumb/v7-m/nofp\libc_nano.a(lib_a-impure.o)
 *(.RamFunc)
 *(.RamFunc*)
                0x00000000200000b4                . = ALIGN (0x4)
                0x00000000200000b4                _edata = .

.igot.plt       0x00000000200000b4        0x0 load address 0x0000000008005724
 .igot.plt      0x00000000200000b4        0x0 c:/st/stm32cubeide_1.6.1/stm32cubeide/plugins/com.st.stm32cube.ide.mcu.externaltools.gnu-tools-for-stm32.9-2020-q2-update.win32_1.5.0.202011040924/tools/bin/../lib/gcc/arm-none-eabi/9.3.1/thumb/v7-m/nofp/crtbegin.o
                0x00000000200000b4                . = ALIGN (0x4)

.bss            0x00000000200000b4     0x20f0 load address 0x0000000008005724
                0x00000000200000b4                _sbss = .
                0x00000000200000b4                __bss_start__ = _sbss
 *(.bss)
 .bss           0x00000000200000b4       0x1c c:/st/stm32cubeide_1.6.1/stm32cubeide/plugins/com.st.stm32cube.ide.mcu.externaltools.gnu-tools-for-stm32.9-2020-q2-update.win32_1.5.0.202011040924/tools/bin/../lib/gcc/arm-none-eabi/9.3.1/thumb/v7-m/nofp/crtbegin.o
 *(.bss*)
 .bss.__sbrk_heap_end
                0x00000000200000d0        0x4 Core/Src/sysmem.o
 .bss.sock_io_mode
                0x00000000200000d4        0x2 ioLibrary_Driver/Ethernet/socket.o
 .bss.sock_is_sending
                0x00000000200000d6        0x2 ioLibrary_Driver/Ethernet/socket.o
 .bss.sock_remained_size
                0x00000000200000d8        0x8 ioLibrary_Driver/Ethernet/socket.o
 .bss.sock_pack_info
                0x00000000200000e0        0x4 ioLibrary_Driver/Ethernet/socket.o
                0x00000000200000e0                sock_pack_info
 .bss._DNS_     0x00000000200000e4        0x4 ioLibrary_Driver/Ethernet/wizchip_conf.o
 .bss._DHCP_    0x00000000200000e8        0x1 ioLibrary_Driver/Ethernet/wizchip_conf.o
 *fill*         0x00000000200000e9        0x3 
 .bss.__malloc_free_list
                0x00000000200000ec        0x4 c:/st/stm32cubeide_1.6.1/stm32cubeide/plugins/com.st.stm32cube.ide.mcu.externaltools.gnu-tools-for-stm32.9-2020-q2-update.win32_1.5.0.202011040924/tools/bin/../lib/gcc/arm-none-eabi/9.3.1/../../../../arm-none-eabi/lib/thumb/v7-m/nofp\libc_nano.a(lib_a-nano-mallocr.o)
                0x00000000200000ec                __malloc_free_list
 .bss.__malloc_sbrk_start
                0x00000000200000f0        0x4 c:/st/stm32cubeide_1.6.1/stm32cubeide/plugins/com.st.stm32cube.ide.mcu.externaltools.gnu-tools-for-stm32.9-2020-q2-update.win32_1.5.0.202011040924/tools/bin/../lib/gcc/arm-none-eabi/9.3.1/../../../../arm-none-eabi/lib/thumb/v7-m/nofp\libc_nano.a(lib_a-nano-mallocr.o)
                0x00000000200000f0                __malloc_sbrk_start
 *(COMMON)
 COMMON         0x00000000200000f4     0x209c Core/Src/main.o
                0x00000000200000f4                hspi2
                0x000000002000014c                ethBuf1
                0x000000002000094c                ethBuf2
                0x000000002000114c                huart2
                0x0000000020001190                ethBuf3
                0x0000000020001990                ethBuf0
 COMMON         0x0000000020002190        0x4 Drivers/STM32F1xx_HAL_Driver/Src/stm32f1xx_hal.o
                0x0000000020002190                uwTick
 COMMON         0x0000000020002194        0x9 c:/st/stm32cubeide_1.6.1/stm32cubeide/plugins/com.st.stm32cube.ide.mcu.externaltools.gnu-tools-for-stm32.9-2020-q2-update.win32_1.5.0.202011040924/tools/bin/../lib/gcc/arm-none-eabi/9.3.1/../../../../arm-none-eabi/lib/thumb/v7-m/nofp\libc_nano.a(lib_a-lock.o)
                0x0000000020002194                __lock___atexit_recursive_mutex
                0x0000000020002195                __lock___arc4random_mutex
                0x0000000020002196                __lock___env_recursive_mutex
                0x0000000020002197                __lock___sinit_recursive_mutex
                0x0000000020002198                __lock___malloc_recursive_mutex
                0x0000000020002199                __lock___at_quick_exit_mutex
                0x000000002000219a                __lock___dd_hash_mutex
                0x000000002000219b                __lock___tz_mutex
                0x000000002000219c                __lock___sfp_recursive_mutex
 *fill*         0x000000002000219d        0x3 
 COMMON         0x00000000200021a0        0x4 c:/st/stm32cubeide_1.6.1/stm32cubeide/plugins/com.st.stm32cube.ide.mcu.externaltools.gnu-tools-for-stm32.9-2020-q2-update.win32_1.5.0.202011040924/tools/bin/../lib/gcc/arm-none-eabi/9.3.1/../../../../arm-none-eabi/lib/thumb/v7-m/nofp\libc_nano.a(lib_a-reent.o)
                0x00000000200021a0                errno
                0x00000000200021a4                . = ALIGN (0x4)
                0x00000000200021a4                _ebss = .
                0x00000000200021a4                __bss_end__ = _ebss

._user_heap_stack
                0x00000000200021a4      0x604 load address 0x0000000008005724
                0x00000000200021a8                . = ALIGN (0x8)
 *fill*         0x00000000200021a4        0x4 
                [!provide]                        PROVIDE (end = .)
                0x00000000200021a8                PROVIDE (_end = .)
                0x00000000200023a8                . = (. + _Min_Heap_Size)
 *fill*         0x00000000200021a8      0x200 
                0x00000000200027a8                . = (. + _Min_Stack_Size)
 *fill*         0x00000000200023a8      0x400 
                0x00000000200027a8                . = ALIGN (0x8)

/DISCARD/
 libc.a(*)
 libm.a(*)
 libgcc.a(*)

.ARM.attributes
                0x0000000000000000       0x29
 *(.ARM.attributes)
 .ARM.attributes
                0x0000000000000000       0x1d c:/st/stm32cubeide_1.6.1/stm32cubeide/plugins/com.st.stm32cube.ide.mcu.externaltools.gnu-tools-for-stm32.9-2020-q2-update.win32_1.5.0.202011040924/tools/bin/../lib/gcc/arm-none-eabi/9.3.1/thumb/v7-m/nofp/crti.o
 .ARM.attributes
                0x000000000000001d       0x2d c:/st/stm32cubeide_1.6.1/stm32cubeide/plugins/com.st.stm32cube.ide.mcu.externaltools.gnu-tools-for-stm32.9-2020-q2-update.win32_1.5.0.202011040924/tools/bin/../lib/gcc/arm-none-eabi/9.3.1/thumb/v7-m/nofp/crtbegin.o
 .ARM.attributes
                0x000000000000004a       0x2d Core/Src/main.o
 .ARM.attributes
                0x0000000000000077       0x2d Core/Src/stm32f1xx_hal_msp.o
 .ARM.attributes
                0x00000000000000a4       0x2d Core/Src/stm32f1xx_it.o
 .ARM.attributes
                0x00000000000000d1       0x2d Core/Src/syscalls.o
 .ARM.attributes
                0x00000000000000fe       0x2d Core/Src/sysmem.o
 .ARM.attributes
                0x000000000000012b       0x2d Core/Src/system_stm32f1xx.o
 .ARM.attributes
                0x0000000000000158       0x2d Core/Src/wizchip_init.o
 .ARM.attributes
                0x0000000000000185       0x21 Core/Startup/startup_stm32f103rbtx.o
 .ARM.attributes
                0x00000000000001a6       0x2d Drivers/STM32F1xx_HAL_Driver/Src/stm32f1xx_hal.o
 .ARM.attributes
                0x00000000000001d3       0x2d Drivers/STM32F1xx_HAL_Driver/Src/stm32f1xx_hal_cortex.o
 .ARM.attributes
                0x0000000000000200       0x2d Drivers/STM32F1xx_HAL_Driver/Src/stm32f1xx_hal_dma.o
 .ARM.attributes
                0x000000000000022d       0x2d Drivers/STM32F1xx_HAL_Driver/Src/stm32f1xx_hal_gpio.o
 .ARM.attributes
                0x000000000000025a       0x2d Drivers/STM32F1xx_HAL_Driver/Src/stm32f1xx_hal_rcc.o
 .ARM.attributes
                0x0000000000000287       0x2d Drivers/STM32F1xx_HAL_Driver/Src/stm32f1xx_hal_spi.o
 .ARM.attributes
                0x00000000000002b4       0x2d Drivers/STM32F1xx_HAL_Driver/Src/stm32f1xx_hal_uart.o
 .ARM.attributes
                0x00000000000002e1       0x2d ioLibrary_Driver/Application/loopback/loopback.o
 .ARM.attributes
                0x000000000000030e       0x2d ioLibrary_Driver/Ethernet/W5100S/w5100s.o
 .ARM.attributes
                0x000000000000033b       0x2d ioLibrary_Driver/Ethernet/socket.o
 .ARM.attributes
                0x0000000000000368       0x2d ioLibrary_Driver/Ethernet/wizchip_conf.o
 .ARM.attributes
                0x0000000000000395       0x2d c:/st/stm32cubeide_1.6.1/stm32cubeide/plugins/com.st.stm32cube.ide.mcu.externaltools.gnu-tools-for-stm32.9-2020-q2-update.win32_1.5.0.202011040924/tools/bin/../lib/gcc/arm-none-eabi/9.3.1/../../../../arm-none-eabi/lib/thumb/v7-m/nofp\libc_nano.a(lib_a-errno.o)
 .ARM.attributes
                0x00000000000003c2       0x2d c:/st/stm32cubeide_1.6.1/stm32cubeide/plugins/com.st.stm32cube.ide.mcu.externaltools.gnu-tools-for-stm32.9-2020-q2-update.win32_1.5.0.202011040924/tools/bin/../lib/gcc/arm-none-eabi/9.3.1/../../../../arm-none-eabi/lib/thumb/v7-m/nofp\libc_nano.a(lib_a-impure.o)
 .ARM.attributes
                0x00000000000003ef       0x2d c:/st/stm32cubeide_1.6.1/stm32cubeide/plugins/com.st.stm32cube.ide.mcu.externaltools.gnu-tools-for-stm32.9-2020-q2-update.win32_1.5.0.202011040924/tools/bin/../lib/gcc/arm-none-eabi/9.3.1/../../../../arm-none-eabi/lib/thumb/v7-m/nofp\libc_nano.a(lib_a-init.o)
 .ARM.attributes
                0x000000000000041c       0x2d c:/st/stm32cubeide_1.6.1/stm32cubeide/plugins/com.st.stm32cube.ide.mcu.externaltools.gnu-tools-for-stm32.9-2020-q2-update.win32_1.5.0.202011040924/tools/bin/../lib/gcc/arm-none-eabi/9.3.1/../../../../arm-none-eabi/lib/thumb/v7-m/nofp\libc_nano.a(lib_a-memset.o)
 .ARM.attributes
                0x0000000000000449       0x2d c:/st/stm32cubeide_1.6.1/stm32cubeide/plugins/com.st.stm32cube.ide.mcu.externaltools.gnu-tools-for-stm32.9-2020-q2-update.win32_1.5.0.202011040924/tools/bin/../lib/gcc/arm-none-eabi/9.3.1/../../../../arm-none-eabi/lib/thumb/v7-m/nofp\libc_nano.a(lib_a-nano-freer.o)
 .ARM.attributes
                0x0000000000000476       0x2d c:/st/stm32cubeide_1.6.1/stm32cubeide/plugins/com.st.stm32cube.ide.mcu.externaltools.gnu-tools-for-stm32.9-2020-q2-update.win32_1.5.0.202011040924/tools/bin/../lib/gcc/arm-none-eabi/9.3.1/../../../../arm-none-eabi/lib/thumb/v7-m/nofp\libc_nano.a(lib_a-nano-mallocr.o)
 .ARM.attributes
                0x00000000000004a3       0x2d c:/st/stm32cubeide_1.6.1/stm32cubeide/plugins/com.st.stm32cube.ide.mcu.externaltools.gnu-tools-for-stm32.9-2020-q2-update.win32_1.5.0.202011040924/tools/bin/../lib/gcc/arm-none-eabi/9.3.1/../../../../arm-none-eabi/lib/thumb/v7-m/nofp\libc_nano.a(lib_a-printf.o)
 .ARM.attributes
                0x00000000000004d0       0x2d c:/st/stm32cubeide_1.6.1/stm32cubeide/plugins/com.st.stm32cube.ide.mcu.externaltools.gnu-tools-for-stm32.9-2020-q2-update.win32_1.5.0.202011040924/tools/bin/../lib/gcc/arm-none-eabi/9.3.1/../../../../arm-none-eabi/lib/thumb/v7-m/nofp\libc_nano.a(lib_a-puts.o)
 .ARM.attributes
                0x00000000000004fd       0x2d c:/st/stm32cubeide_1.6.1/stm32cubeide/plugins/com.st.stm32cube.ide.mcu.externaltools.gnu-tools-for-stm32.9-2020-q2-update.win32_1.5.0.202011040924/tools/bin/../lib/gcc/arm-none-eabi/9.3.1/../../../../arm-none-eabi/lib/thumb/v7-m/nofp\libc_nano.a(lib_a-sbrkr.o)
 .ARM.attributes
                0x000000000000052a       0x2d c:/st/stm32cubeide_1.6.1/stm32cubeide/plugins/com.st.stm32cube.ide.mcu.externaltools.gnu-tools-for-stm32.9-2020-q2-update.win32_1.5.0.202011040924/tools/bin/../lib/gcc/arm-none-eabi/9.3.1/../../../../arm-none-eabi/lib/thumb/v7-m/nofp\libc_nano.a(lib_a-stdio.o)
 .ARM.attributes
                0x0000000000000557       0x2d c:/st/stm32cubeide_1.6.1/stm32cubeide/plugins/com.st.stm32cube.ide.mcu.externaltools.gnu-tools-for-stm32.9-2020-q2-update.win32_1.5.0.202011040924/tools/bin/../lib/gcc/arm-none-eabi/9.3.1/../../../../arm-none-eabi/lib/thumb/v7-m/nofp\libc_nano.a(lib_a-wbuf.o)
 .ARM.attributes
                0x0000000000000584       0x2d c:/st/stm32cubeide_1.6.1/stm32cubeide/plugins/com.st.stm32cube.ide.mcu.externaltools.gnu-tools-for-stm32.9-2020-q2-update.win32_1.5.0.202011040924/tools/bin/../lib/gcc/arm-none-eabi/9.3.1/../../../../arm-none-eabi/lib/thumb/v7-m/nofp\libc_nano.a(lib_a-writer.o)
 .ARM.attributes
                0x00000000000005b1       0x2d c:/st/stm32cubeide_1.6.1/stm32cubeide/plugins/com.st.stm32cube.ide.mcu.externaltools.gnu-tools-for-stm32.9-2020-q2-update.win32_1.5.0.202011040924/tools/bin/../lib/gcc/arm-none-eabi/9.3.1/../../../../arm-none-eabi/lib/thumb/v7-m/nofp\libc_nano.a(lib_a-wsetup.o)
 .ARM.attributes
                0x00000000000005de       0x2d c:/st/stm32cubeide_1.6.1/stm32cubeide/plugins/com.st.stm32cube.ide.mcu.externaltools.gnu-tools-for-stm32.9-2020-q2-update.win32_1.5.0.202011040924/tools/bin/../lib/gcc/arm-none-eabi/9.3.1/../../../../arm-none-eabi/lib/thumb/v7-m/nofp\libc_nano.a(lib_a-closer.o)
 .ARM.attributes
                0x000000000000060b       0x2d c:/st/stm32cubeide_1.6.1/stm32cubeide/plugins/com.st.stm32cube.ide.mcu.externaltools.gnu-tools-for-stm32.9-2020-q2-update.win32_1.5.0.202011040924/tools/bin/../lib/gcc/arm-none-eabi/9.3.1/../../../../arm-none-eabi/lib/thumb/v7-m/nofp\libc_nano.a(lib_a-fflush.o)
 .ARM.attributes
                0x0000000000000638       0x2d c:/st/stm32cubeide_1.6.1/stm32cubeide/plugins/com.st.stm32cube.ide.mcu.externaltools.gnu-tools-for-stm32.9-2020-q2-update.win32_1.5.0.202011040924/tools/bin/../lib/gcc/arm-none-eabi/9.3.1/../../../../arm-none-eabi/lib/thumb/v7-m/nofp\libc_nano.a(lib_a-findfp.o)
 .ARM.attributes
                0x0000000000000665       0x2d c:/st/stm32cubeide_1.6.1/stm32cubeide/plugins/com.st.stm32cube.ide.mcu.externaltools.gnu-tools-for-stm32.9-2020-q2-update.win32_1.5.0.202011040924/tools/bin/../lib/gcc/arm-none-eabi/9.3.1/../../../../arm-none-eabi/lib/thumb/v7-m/nofp\libc_nano.a(lib_a-fwalk.o)
 .ARM.attributes
                0x0000000000000692       0x2d c:/st/stm32cubeide_1.6.1/stm32cubeide/plugins/com.st.stm32cube.ide.mcu.externaltools.gnu-tools-for-stm32.9-2020-q2-update.win32_1.5.0.202011040924/tools/bin/../lib/gcc/arm-none-eabi/9.3.1/../../../../arm-none-eabi/lib/thumb/v7-m/nofp\libc_nano.a(lib_a-lock.o)
 .ARM.attributes
                0x00000000000006bf       0x2d c:/st/stm32cubeide_1.6.1/stm32cubeide/plugins/com.st.stm32cube.ide.mcu.externaltools.gnu-tools-for-stm32.9-2020-q2-update.win32_1.5.0.202011040924/tools/bin/../lib/gcc/arm-none-eabi/9.3.1/../../../../arm-none-eabi/lib/thumb/v7-m/nofp\libc_nano.a(lib_a-lseekr.o)
 .ARM.attributes
                0x00000000000006ec       0x2d c:/st/stm32cubeide_1.6.1/stm32cubeide/plugins/com.st.stm32cube.ide.mcu.externaltools.gnu-tools-for-stm32.9-2020-q2-update.win32_1.5.0.202011040924/tools/bin/../lib/gcc/arm-none-eabi/9.3.1/../../../../arm-none-eabi/lib/thumb/v7-m/nofp\libc_nano.a(lib_a-makebuf.o)
 .ARM.attributes
                0x0000000000000719       0x2d c:/st/stm32cubeide_1.6.1/stm32cubeide/plugins/com.st.stm32cube.ide.mcu.externaltools.gnu-tools-for-stm32.9-2020-q2-update.win32_1.5.0.202011040924/tools/bin/../lib/gcc/arm-none-eabi/9.3.1/../../../../arm-none-eabi/lib/thumb/v7-m/nofp\libc_nano.a(lib_a-mlock.o)
 .ARM.attributes
                0x0000000000000746       0x2d c:/st/stm32cubeide_1.6.1/stm32cubeide/plugins/com.st.stm32cube.ide.mcu.externaltools.gnu-tools-for-stm32.9-2020-q2-update.win32_1.5.0.202011040924/tools/bin/../lib/gcc/arm-none-eabi/9.3.1/../../../../arm-none-eabi/lib/thumb/v7-m/nofp\libc_nano.a(lib_a-nano-vfprintf.o)
 .ARM.attributes
                0x0000000000000773       0x2d c:/st/stm32cubeide_1.6.1/stm32cubeide/plugins/com.st.stm32cube.ide.mcu.externaltools.gnu-tools-for-stm32.9-2020-q2-update.win32_1.5.0.202011040924/tools/bin/../lib/gcc/arm-none-eabi/9.3.1/../../../../arm-none-eabi/lib/thumb/v7-m/nofp\libc_nano.a(lib_a-nano-vfprintf_i.o)
 .ARM.attributes
                0x00000000000007a0       0x2d c:/st/stm32cubeide_1.6.1/stm32cubeide/plugins/com.st.stm32cube.ide.mcu.externaltools.gnu-tools-for-stm32.9-2020-q2-update.win32_1.5.0.202011040924/tools/bin/../lib/gcc/arm-none-eabi/9.3.1/../../../../arm-none-eabi/lib/thumb/v7-m/nofp\libc_nano.a(lib_a-readr.o)
 .ARM.attributes
                0x00000000000007cd       0x2d c:/st/stm32cubeide_1.6.1/stm32cubeide/plugins/com.st.stm32cube.ide.mcu.externaltools.gnu-tools-for-stm32.9-2020-q2-update.win32_1.5.0.202011040924/tools/bin/../lib/gcc/arm-none-eabi/9.3.1/../../../../arm-none-eabi/lib/thumb/v7-m/nofp\libc_nano.a(lib_a-reent.o)
 .ARM.attributes
                0x00000000000007fa       0x2d c:/st/stm32cubeide_1.6.1/stm32cubeide/plugins/com.st.stm32cube.ide.mcu.externaltools.gnu-tools-for-stm32.9-2020-q2-update.win32_1.5.0.202011040924/tools/bin/../lib/gcc/arm-none-eabi/9.3.1/../../../../arm-none-eabi/lib/thumb/v7-m/nofp\libc_nano.a(lib_a-fstatr.o)
 .ARM.attributes
                0x0000000000000827       0x2d c:/st/stm32cubeide_1.6.1/stm32cubeide/plugins/com.st.stm32cube.ide.mcu.externaltools.gnu-tools-for-stm32.9-2020-q2-update.win32_1.5.0.202011040924/tools/bin/../lib/gcc/arm-none-eabi/9.3.1/../../../../arm-none-eabi/lib/thumb/v7-m/nofp\libc_nano.a(lib_a-isattyr.o)
 .ARM.attributes
                0x0000000000000854       0x2d c:/st/stm32cubeide_1.6.1/stm32cubeide/plugins/com.st.stm32cube.ide.mcu.externaltools.gnu-tools-for-stm32.9-2020-q2-update.win32_1.5.0.202011040924/tools/bin/../lib/gcc/arm-none-eabi/9.3.1/../../../../arm-none-eabi/lib/thumb/v7-m/nofp\libc_nano.a(lib_a-memchr-stub.o)
 .ARM.attributes
                0x0000000000000881       0x1d c:/st/stm32cubeide_1.6.1/stm32cubeide/plugins/com.st.stm32cube.ide.mcu.externaltools.gnu-tools-for-stm32.9-2020-q2-update.win32_1.5.0.202011040924/tools/bin/../lib/gcc/arm-none-eabi/9.3.1/thumb/v7-m/nofp/crtn.o
OUTPUT(w5100s_loopback_test.elf elf32-littlearm)
LOAD linker stubs
LOAD c:/st/stm32cubeide_1.6.1/stm32cubeide/plugins/com.st.stm32cube.ide.mcu.externaltools.gnu-tools-for-stm32.9-2020-q2-update.win32_1.5.0.202011040924/tools/bin/../lib/gcc/arm-none-eabi/9.3.1/../../../../arm-none-eabi/lib/thumb/v7-m/nofp\libc.a
LOAD c:/st/stm32cubeide_1.6.1/stm32cubeide/plugins/com.st.stm32cube.ide.mcu.externaltools.gnu-tools-for-stm32.9-2020-q2-update.win32_1.5.0.202011040924/tools/bin/../lib/gcc/arm-none-eabi/9.3.1/../../../../arm-none-eabi/lib/thumb/v7-m/nofp\libm.a
LOAD c:/st/stm32cubeide_1.6.1/stm32cubeide/plugins/com.st.stm32cube.ide.mcu.externaltools.gnu-tools-for-stm32.9-2020-q2-update.win32_1.5.0.202011040924/tools/bin/../lib/gcc/arm-none-eabi/9.3.1/thumb/v7-m/nofp\libgcc.a

.debug_info     0x0000000000000000     0xc9bc
 .debug_info    0x0000000000000000     0x1333 Core/Src/main.o
 .debug_info    0x0000000000001333      0xd2a Core/Src/stm32f1xx_hal_msp.o
 .debug_info    0x000000000000205d      0x6d2 Core/Src/stm32f1xx_it.o
 .debug_info    0x000000000000272f      0xfa8 Core/Src/syscalls.o
 .debug_info    0x00000000000036d7      0xa25 Core/Src/sysmem.o
 .debug_info    0x00000000000040fc      0x2be Core/Src/system_stm32f1xx.o
 .debug_info    0x00000000000043ba      0x529 Core/Src/wizchip_init.o
 .debug_info    0x00000000000048e3       0x22 Core/Startup/startup_stm32f103rbtx.o
 .debug_info    0x0000000000004905      0x76a Drivers/STM32F1xx_HAL_Driver/Src/stm32f1xx_hal.o
 .debug_info    0x000000000000506f      0xbdc Drivers/STM32F1xx_HAL_Driver/Src/stm32f1xx_hal_cortex.o
 .debug_info    0x0000000000005c4b      0x81e Drivers/STM32F1xx_HAL_Driver/Src/stm32f1xx_hal_dma.o
 .debug_info    0x0000000000006469      0x701 Drivers/STM32F1xx_HAL_Driver/Src/stm32f1xx_hal_gpio.o
 .debug_info    0x0000000000006b6a      0x88e Drivers/STM32F1xx_HAL_Driver/Src/stm32f1xx_hal_rcc.o
 .debug_info    0x00000000000073f8     0x16bf Drivers/STM32F1xx_HAL_Driver/Src/stm32f1xx_hal_spi.o
 .debug_info    0x0000000000008ab7     0x161a Drivers/STM32F1xx_HAL_Driver/Src/stm32f1xx_hal_uart.o
 .debug_info    0x000000000000a0d1      0xd06 ioLibrary_Driver/Application/loopback/loopback.o
 .debug_info    0x000000000000add7      0x6ed ioLibrary_Driver/Ethernet/W5100S/w5100s.o
 .debug_info    0x000000000000b4c4      0x87e ioLibrary_Driver/Ethernet/socket.o
 .debug_info    0x000000000000bd42      0xc7a ioLibrary_Driver/Ethernet/wizchip_conf.o

.debug_abbrev   0x0000000000000000     0x28cd
 .debug_abbrev  0x0000000000000000      0x3ba Core/Src/main.o
 .debug_abbrev  0x00000000000003ba      0x1b5 Core/Src/stm32f1xx_hal_msp.o
 .debug_abbrev  0x000000000000056f      0x163 Core/Src/stm32f1xx_it.o
 .debug_abbrev  0x00000000000006d2      0x286 Core/Src/syscalls.o
 .debug_abbrev  0x0000000000000958      0x1bf Core/Src/sysmem.o
 .debug_abbrev  0x0000000000000b17      0x14e Core/Src/system_stm32f1xx.o
 .debug_abbrev  0x0000000000000c65      0x20b Core/Src/wizchip_init.o
 .debug_abbrev  0x0000000000000e70       0x12 Core/Startup/startup_stm32f103rbtx.o
 .debug_abbrev  0x0000000000000e82      0x1ed Drivers/STM32F1xx_HAL_Driver/Src/stm32f1xx_hal.o
 .debug_abbrev  0x000000000000106f      0x313 Drivers/STM32F1xx_HAL_Driver/Src/stm32f1xx_hal_cortex.o
 .debug_abbrev  0x0000000000001382      0x228 Drivers/STM32F1xx_HAL_Driver/Src/stm32f1xx_hal_dma.o
 .debug_abbrev  0x00000000000015aa      0x1e8 Drivers/STM32F1xx_HAL_Driver/Src/stm32f1xx_hal_gpio.o
 .debug_abbrev  0x0000000000001792      0x273 Drivers/STM32F1xx_HAL_Driver/Src/stm32f1xx_hal_rcc.o
 .debug_abbrev  0x0000000000001a05      0x26e Drivers/STM32F1xx_HAL_Driver/Src/stm32f1xx_hal_spi.o
 .debug_abbrev  0x0000000000001c73      0x28b Drivers/STM32F1xx_HAL_Driver/Src/stm32f1xx_hal_uart.o
 .debug_abbrev  0x0000000000001efe      0x22e ioLibrary_Driver/Application/loopback/loopback.o
 .debug_abbrev  0x000000000000212c      0x25e ioLibrary_Driver/Ethernet/W5100S/w5100s.o
 .debug_abbrev  0x000000000000238a      0x247 ioLibrary_Driver/Ethernet/socket.o
 .debug_abbrev  0x00000000000025d1      0x2fc ioLibrary_Driver/Ethernet/wizchip_conf.o

.debug_aranges  0x0000000000000000      0xbf0
 .debug_aranges
                0x0000000000000000       0x80 Core/Src/main.o
 .debug_aranges
                0x0000000000000080       0x40 Core/Src/stm32f1xx_hal_msp.o
 .debug_aranges
                0x00000000000000c0       0x70 Core/Src/stm32f1xx_it.o
 .debug_aranges
                0x0000000000000130       0xa8 Core/Src/syscalls.o
 .debug_aranges
                0x00000000000001d8       0x20 Core/Src/sysmem.o
 .debug_aranges
                0x00000000000001f8       0x28 Core/Src/system_stm32f1xx.o
 .debug_aranges
                0x0000000000000220       0x30 Core/Src/wizchip_init.o
 .debug_aranges
                0x0000000000000250       0x28 Core/Startup/startup_stm32f103rbtx.o
 .debug_aranges
                0x0000000000000278       0xe0 Drivers/STM32F1xx_HAL_Driver/Src/stm32f1xx_hal.o
 .debug_aranges
                0x0000000000000358      0x100 Drivers/STM32F1xx_HAL_Driver/Src/stm32f1xx_hal_cortex.o
 .debug_aranges
                0x0000000000000458       0x80 Drivers/STM32F1xx_HAL_Driver/Src/stm32f1xx_hal_dma.o
 .debug_aranges
                0x00000000000004d8       0x58 Drivers/STM32F1xx_HAL_Driver/Src/stm32f1xx_hal_gpio.o
 .debug_aranges
                0x0000000000000530       0x90 Drivers/STM32F1xx_HAL_Driver/Src/stm32f1xx_hal_rcc.o
 .debug_aranges
                0x00000000000005c0      0x1d0 Drivers/STM32F1xx_HAL_Driver/Src/stm32f1xx_hal_spi.o
 .debug_aranges
                0x0000000000000790      0x200 Drivers/STM32F1xx_HAL_Driver/Src/stm32f1xx_hal_uart.o
 .debug_aranges
                0x0000000000000990       0x30 ioLibrary_Driver/Application/loopback/loopback.o
 .debug_aranges
                0x00000000000009c0       0x88 ioLibrary_Driver/Ethernet/W5100S/w5100s.o
 .debug_aranges
                0x0000000000000a48       0x78 ioLibrary_Driver/Ethernet/socket.o
 .debug_aranges
                0x0000000000000ac0      0x130 ioLibrary_Driver/Ethernet/wizchip_conf.o

.debug_ranges   0x0000000000000000      0xaf8
 .debug_ranges  0x0000000000000000       0x70 Core/Src/main.o
 .debug_ranges  0x0000000000000070       0x30 Core/Src/stm32f1xx_hal_msp.o
 .debug_ranges  0x00000000000000a0       0x60 Core/Src/stm32f1xx_it.o
 .debug_ranges  0x0000000000000100       0x98 Core/Src/syscalls.o
 .debug_ranges  0x0000000000000198       0x10 Core/Src/sysmem.o
 .debug_ranges  0x00000000000001a8       0x18 Core/Src/system_stm32f1xx.o
 .debug_ranges  0x00000000000001c0       0x20 Core/Src/wizchip_init.o
 .debug_ranges  0x00000000000001e0       0x20 Core/Startup/startup_stm32f103rbtx.o
 .debug_ranges  0x0000000000000200       0xd0 Drivers/STM32F1xx_HAL_Driver/Src/stm32f1xx_hal.o
 .debug_ranges  0x00000000000002d0       0xf0 Drivers/STM32F1xx_HAL_Driver/Src/stm32f1xx_hal_cortex.o
 .debug_ranges  0x00000000000003c0       0x70 Drivers/STM32F1xx_HAL_Driver/Src/stm32f1xx_hal_dma.o
 .debug_ranges  0x0000000000000430       0x48 Drivers/STM32F1xx_HAL_Driver/Src/stm32f1xx_hal_gpio.o
 .debug_ranges  0x0000000000000478       0x80 Drivers/STM32F1xx_HAL_Driver/Src/stm32f1xx_hal_rcc.o
 .debug_ranges  0x00000000000004f8      0x1c0 Drivers/STM32F1xx_HAL_Driver/Src/stm32f1xx_hal_spi.o
 .debug_ranges  0x00000000000006b8      0x220 Drivers/STM32F1xx_HAL_Driver/Src/stm32f1xx_hal_uart.o
 .debug_ranges  0x00000000000008d8       0x20 ioLibrary_Driver/Application/loopback/loopback.o
 .debug_ranges  0x00000000000008f8       0x78 ioLibrary_Driver/Ethernet/W5100S/w5100s.o
 .debug_ranges  0x0000000000000970       0x68 ioLibrary_Driver/Ethernet/socket.o
 .debug_ranges  0x00000000000009d8      0x120 ioLibrary_Driver/Ethernet/wizchip_conf.o

.debug_macro    0x0000000000000000    0x18e4d
 .debug_macro   0x0000000000000000      0x1c8 Core/Src/main.o
 .debug_macro   0x00000000000001c8      0xa9c Core/Src/main.o
 .debug_macro   0x0000000000000c64      0x21b Core/Src/main.o
 .debug_macro   0x0000000000000e7f       0x2e Core/Src/main.o
 .debug_macro   0x0000000000000ead       0x22 Core/Src/main.o
 .debug_macro   0x0000000000000ecf       0x22 Core/Src/main.o
 .debug_macro   0x0000000000000ef1       0x8e Core/Src/main.o
 .debug_macro   0x0000000000000f7f       0x51 Core/Src/main.o
 .debug_macro   0x0000000000000fd0      0x103 Core/Src/main.o
 .debug_macro   0x00000000000010d3       0x6a Core/Src/main.o
 .debug_macro   0x000000000000113d      0x1df Core/Src/main.o
 .debug_macro   0x000000000000131c       0x1c Core/Src/main.o
 .debug_macro   0x0000000000001338       0x22 Core/Src/main.o
 .debug_macro   0x000000000000135a       0xc3 Core/Src/main.o
 .debug_macro   0x000000000000141d      0xd23 Core/Src/main.o
 .debug_macro   0x0000000000002140     0xe09e Core/Src/main.o
 .debug_macro   0x00000000000101de       0x6d Core/Src/main.o
 .debug_macro   0x000000000001024b     0x3468 Core/Src/main.o
 .debug_macro   0x00000000000136b3      0x174 Core/Src/main.o
 .debug_macro   0x0000000000013827       0x5c Core/Src/main.o
 .debug_macro   0x0000000000013883      0x5be Core/Src/main.o
 .debug_macro   0x0000000000013e41      0x289 Core/Src/main.o
 .debug_macro   0x00000000000140ca      0x1cb Core/Src/main.o
 .debug_macro   0x0000000000014295      0x114 Core/Src/main.o
 .debug_macro   0x00000000000143a9      0x1b2 Core/Src/main.o
 .debug_macro   0x000000000001455b       0x27 Core/Src/main.o
 .debug_macro   0x0000000000014582      0x136 Core/Src/main.o
 .debug_macro   0x00000000000146b8      0x1bc Core/Src/main.o
 .debug_macro   0x0000000000014874       0x34 Core/Src/main.o
 .debug_macro   0x00000000000148a8       0x3c Core/Src/main.o
 .debug_macro   0x00000000000148e4       0x57 Core/Src/main.o
 .debug_macro   0x000000000001493b       0x88 Core/Src/main.o
 .debug_macro   0x00000000000149c3      0x241 Core/Src/main.o
 .debug_macro   0x0000000000014c04      0x141 Core/Src/main.o
 .debug_macro   0x0000000000014d45      0x217 Core/Src/main.o
 .debug_macro   0x0000000000014f5c      0x279 Core/Src/main.o
 .debug_macro   0x00000000000151d5       0x83 Core/Src/main.o
 .debug_macro   0x0000000000015258       0x52 Core/Src/main.o
 .debug_macro   0x00000000000152aa       0x6a Core/Src/main.o
 .debug_macro   0x0000000000015314      0x9bb Core/Src/main.o
 .debug_macro   0x0000000000015ccf       0x66 Core/Src/main.o
 .debug_macro   0x0000000000015d35      0x1a7 Core/Src/stm32f1xx_hal_msp.o
 .debug_macro   0x0000000000015edc      0x1b1 Core/Src/stm32f1xx_it.o
 .debug_macro   0x000000000001608d      0x24c Core/Src/syscalls.o
 .debug_macro   0x00000000000162d9       0x4c Core/Src/syscalls.o
 .debug_macro   0x0000000000016325       0x18 Core/Src/syscalls.o
 .debug_macro   0x000000000001633d       0x94 Core/Src/syscalls.o
 .debug_macro   0x00000000000163d1       0x3c Core/Src/syscalls.o
 .debug_macro   0x000000000001640d       0x34 Core/Src/syscalls.o
 .debug_macro   0x0000000000016441       0x57 Core/Src/syscalls.o
 .debug_macro   0x0000000000016498      0x339 Core/Src/syscalls.o
 .debug_macro   0x00000000000167d1       0x16 Core/Src/syscalls.o
 .debug_macro   0x00000000000167e7       0x43 Core/Src/syscalls.o
 .debug_macro   0x000000000001682a       0x34 Core/Src/syscalls.o
 .debug_macro   0x000000000001685e       0x10 Core/Src/syscalls.o
 .debug_macro   0x000000000001686e       0x58 Core/Src/syscalls.o
 .debug_macro   0x00000000000168c6       0x71 Core/Src/syscalls.o
 .debug_macro   0x0000000000016937       0x1c Core/Src/syscalls.o
 .debug_macro   0x0000000000016953      0x12a Core/Src/syscalls.o
 .debug_macro   0x0000000000016a7d       0x10 Core/Src/syscalls.o
 .debug_macro   0x0000000000016a8d       0x35 Core/Src/syscalls.o
 .debug_macro   0x0000000000016ac2       0x10 Core/Src/syscalls.o
 .debug_macro   0x0000000000016ad2       0x10 Core/Src/syscalls.o
 .debug_macro   0x0000000000016ae2       0x10 Core/Src/syscalls.o
 .debug_macro   0x0000000000016af2       0x1c Core/Src/syscalls.o
 .debug_macro   0x0000000000016b0e       0x52 Core/Src/syscalls.o
 .debug_macro   0x0000000000016b60       0x22 Core/Src/syscalls.o
 .debug_macro   0x0000000000016b82       0x10 Core/Src/syscalls.o
 .debug_macro   0x0000000000016b92       0x40 Core/Src/syscalls.o
 .debug_macro   0x0000000000016bd2       0xd5 Core/Src/syscalls.o
 .debug_macro   0x0000000000016ca7       0x1c Core/Src/syscalls.o
 .debug_macro   0x0000000000016cc3       0x3d Core/Src/syscalls.o
 .debug_macro   0x0000000000016d00       0x35 Core/Src/syscalls.o
 .debug_macro   0x0000000000016d35      0x12c Core/Src/syscalls.o
 .debug_macro   0x0000000000016e61       0x16 Core/Src/syscalls.o
 .debug_macro   0x0000000000016e77       0x16 Core/Src/syscalls.o
 .debug_macro   0x0000000000016e8d       0x29 Core/Src/syscalls.o
 .debug_macro   0x0000000000016eb6       0x10 Core/Src/syscalls.o
 .debug_macro   0x0000000000016ec6      0x241 Core/Src/syscalls.o
 .debug_macro   0x0000000000017107       0x1c Core/Src/syscalls.o
 .debug_macro   0x0000000000017123       0x10 Core/Src/syscalls.o
 .debug_macro   0x0000000000017133       0x10 Core/Src/syscalls.o
 .debug_macro   0x0000000000017143       0x16 Core/Src/syscalls.o
 .debug_macro   0x0000000000017159      0x145 Core/Src/syscalls.o
 .debug_macro   0x000000000001729e      0x189 Core/Src/syscalls.o
 .debug_macro   0x0000000000017427       0x16 Core/Src/syscalls.o
 .debug_macro   0x000000000001743d       0xce Core/Src/syscalls.o
 .debug_macro   0x000000000001750b       0xff Core/Src/sysmem.o
 .debug_macro   0x000000000001760a      0x23b Core/Src/sysmem.o
 .debug_macro   0x0000000000017845      0x198 Core/Src/system_stm32f1xx.o
 .debug_macro   0x00000000000179dd      0x1d7 Core/Src/wizchip_init.o
 .debug_macro   0x0000000000017bb4       0x10 Core/Src/wizchip_init.o
 .debug_macro   0x0000000000017bc4      0x1bc Drivers/STM32F1xx_HAL_Driver/Src/stm32f1xx_hal.o
 .debug_macro   0x0000000000017d80      0x198 Drivers/STM32F1xx_HAL_Driver/Src/stm32f1xx_hal_cortex.o
 .debug_macro   0x0000000000017f18      0x198 Drivers/STM32F1xx_HAL_Driver/Src/stm32f1xx_hal_dma.o
 .debug_macro   0x00000000000180b0      0x203 Drivers/STM32F1xx_HAL_Driver/Src/stm32f1xx_hal_gpio.o
 .debug_macro   0x00000000000182b3      0x1aa Drivers/STM32F1xx_HAL_Driver/Src/stm32f1xx_hal_rcc.o
 .debug_macro   0x000000000001845d      0x1a0 Drivers/STM32F1xx_HAL_Driver/Src/stm32f1xx_hal_spi.o
 .debug_macro   0x00000000000185fd      0x199 Drivers/STM32F1xx_HAL_Driver/Src/stm32f1xx_hal_uart.o
 .debug_macro   0x0000000000018796      0x200 ioLibrary_Driver/Application/loopback/loopback.o
 .debug_macro   0x0000000000018996       0x16 ioLibrary_Driver/Application/loopback/loopback.o
 .debug_macro   0x00000000000189ac       0x97 ioLibrary_Driver/Application/loopback/loopback.o
 .debug_macro   0x0000000000018a43       0xfd ioLibrary_Driver/Application/loopback/loopback.o
 .debug_macro   0x0000000000018b40       0x1c ioLibrary_Driver/Application/loopback/loopback.o
 .debug_macro   0x0000000000018b5c       0xbf ioLibrary_Driver/Application/loopback/loopback.o
 .debug_macro   0x0000000000018c1b       0x84 ioLibrary_Driver/Ethernet/W5100S/w5100s.o
 .debug_macro   0x0000000000018c9f       0xb7 ioLibrary_Driver/Ethernet/socket.o
 .debug_macro   0x0000000000018d56       0x64 ioLibrary_Driver/Ethernet/socket.o
 .debug_macro   0x0000000000018dba       0x93 ioLibrary_Driver/Ethernet/wizchip_conf.o

.debug_line     0x0000000000000000     0xc9a3
 .debug_line    0x0000000000000000      0x993 Core/Src/main.o
 .debug_line    0x0000000000000993      0x703 Core/Src/stm32f1xx_hal_msp.o
 .debug_line    0x0000000000001096      0x755 Core/Src/stm32f1xx_it.o
 .debug_line    0x00000000000017eb      0x802 Core/Src/syscalls.o
 .debug_line    0x0000000000001fed      0x4f8 Core/Src/sysmem.o
 .debug_line    0x00000000000024e5      0x6e1 Core/Src/system_stm32f1xx.o
 .debug_line    0x0000000000002bc6      0x72b Core/Src/wizchip_init.o
 .debug_line    0x00000000000032f1       0x87 Core/Startup/startup_stm32f103rbtx.o
 .debug_line    0x0000000000003378      0x90e Drivers/STM32F1xx_HAL_Driver/Src/stm32f1xx_hal.o
 .debug_line    0x0000000000003c86      0xaf6 Drivers/STM32F1xx_HAL_Driver/Src/stm32f1xx_hal_cortex.o
 .debug_line    0x000000000000477c      0xd66 Drivers/STM32F1xx_HAL_Driver/Src/stm32f1xx_hal_dma.o
 .debug_line    0x00000000000054e2      0x9a5 Drivers/STM32F1xx_HAL_Driver/Src/stm32f1xx_hal_gpio.o
 .debug_line    0x0000000000005e87      0xd1c Drivers/STM32F1xx_HAL_Driver/Src/stm32f1xx_hal_rcc.o
 .debug_line    0x0000000000006ba3     0x1b93 Drivers/STM32F1xx_HAL_Driver/Src/stm32f1xx_hal_spi.o
 .debug_line    0x0000000000008736     0x19e9 Drivers/STM32F1xx_HAL_Driver/Src/stm32f1xx_hal_uart.o
 .debug_line    0x000000000000a11f      0x839 ioLibrary_Driver/Application/loopback/loopback.o
 .debug_line    0x000000000000a958      0x7d6 ioLibrary_Driver/Ethernet/W5100S/w5100s.o
 .debug_line    0x000000000000b12e      0xd79 ioLibrary_Driver/Ethernet/socket.o
 .debug_line    0x000000000000bea7      0xafc ioLibrary_Driver/Ethernet/wizchip_conf.o

.debug_str      0x0000000000000000    0x8a54a
 .debug_str     0x0000000000000000    0x82416 Core/Src/main.o
                                      0x82880 (size before relaxing)
 .debug_str     0x0000000000082416       0xab Core/Src/stm32f1xx_hal_msp.o
                                      0x7e62e (size before relaxing)
 .debug_str     0x00000000000824c1       0xe4 Core/Src/stm32f1xx_it.o
                                      0x7e18c (size before relaxing)
 .debug_str     0x00000000000825a5     0x577d Core/Src/syscalls.o